Archive member included to satisfy reference by file (symbol)

c:/program files (x86)/atollic/truestudio for stm32 9.0.0/armtools/bin/../lib/gcc/arm-atollic-eabi/6.3.1/../../../../arm-atollic-eabi/lib/armv7-m\libc_nano.a(lib_a-init.o)
                              startup\startup_stm32f103xb.o (__libc_init_array)
c:/program files (x86)/atollic/truestudio for stm32 9.0.0/armtools/bin/../lib/gcc/arm-atollic-eabi/6.3.1/../../../../arm-atollic-eabi/lib/armv7-m\libc_nano.a(lib_a-memset.o)
                              Drivers\STM32F1xx_HAL_Driver\Src\stm32f1xx_hal_rcc.o (memset)
c:/program files (x86)/atollic/truestudio for stm32 9.0.0/armtools/bin/../lib/gcc/arm-atollic-eabi/6.3.1/../../../../arm-atollic-eabi/lib/armv7-m\libc_nano.a(lib_a-strlen.o)
                              Src\main.o (strlen)
c:/program files (x86)/atollic/truestudio for stm32 9.0.0/armtools/bin/../lib/gcc/arm-atollic-eabi/6.3.1/../../../../arm-atollic-eabi/lib/armv7-m\libc_nano.a(lib_a-strncpy.o)
                              Src\main.o (strncpy)
c:/program files (x86)/atollic/truestudio for stm32 9.0.0/armtools/bin/../lib/gcc/arm-atollic-eabi/6.3.1/../../../../arm-atollic-eabi/lib/armv7-m\libc_nano.a(lib_a-strstr.o)
                              Src\main.o (strstr)
c:/program files (x86)/atollic/truestudio for stm32 9.0.0/armtools/bin/../lib/gcc/arm-atollic-eabi/6.3.1/../../../../arm-atollic-eabi/lib/armv7-m\libm.a(lib_a-s_round.o)
                              Src\main.o (round)
c:/program files (x86)/atollic/truestudio for stm32 9.0.0/armtools/bin/../lib/gcc/arm-atollic-eabi/6.3.1/armv7-m\libgcc.a(_lshrdi3.o)
                              Drivers\STM32F1xx_HAL_Driver\Src\stm32f1xx_hal_flash.o (__aeabi_llsr)
c:/program files (x86)/atollic/truestudio for stm32 9.0.0/armtools/bin/../lib/gcc/arm-atollic-eabi/6.3.1/armv7-m\libgcc.a(_arm_addsubdf3.o)
                              Src\main.o (__aeabi_dadd)
c:/program files (x86)/atollic/truestudio for stm32 9.0.0/armtools/bin/../lib/gcc/arm-atollic-eabi/6.3.1/armv7-m\libgcc.a(_arm_muldivdf3.o)
                              Src\main.o (__aeabi_dmul)
c:/program files (x86)/atollic/truestudio for stm32 9.0.0/armtools/bin/../lib/gcc/arm-atollic-eabi/6.3.1/armv7-m\libgcc.a(_arm_fixdfsi.o)
                              Src\main.o (__aeabi_d2iz)
c:/program files (x86)/atollic/truestudio for stm32 9.0.0/armtools/bin/../lib/gcc/arm-atollic-eabi/6.3.1/armv7-m\libgcc.a(_arm_truncdfsf2.o)
                              Src\main.o (__aeabi_d2f)
c:/program files (x86)/atollic/truestudio for stm32 9.0.0/armtools/bin/../lib/gcc/arm-atollic-eabi/6.3.1/armv7-m\libgcc.a(_arm_addsubsf3.o)
                              Src\main.o (__aeabi_fadd)
c:/program files (x86)/atollic/truestudio for stm32 9.0.0/armtools/bin/../lib/gcc/arm-atollic-eabi/6.3.1/armv7-m\libgcc.a(_arm_muldivsf3.o)
                              Src\main.o (__aeabi_fmul)

Allocating common symbols
Common symbol       size              file

parity              0x1               Src\main.o
rf                  0x40              Src\main.o
scratch             0x20              Src\main.o
hspi2               0x58              Src\main.o
OTCommon            0xc               Src\main.o
htim4               0x40              Src\main.o
RPi_SPI             0x18              Src\main.o
huart3              0x40              Src\main.o
hi2c1               0x54              Src\main.o
queue               0x28              Src\main.o
AT                  0xe4              Src\main.o
setBIT              0x1               Src\main.o
hcan                0x44              Src\main.o
uwTick              0x4               Drivers\STM32F1xx_HAL_Driver\Src\stm32f1xx_hal.o
temp                0xc               Src\main.o
hdma_usart3_tx      0x44              Src\main.o
pFlash              0x20              Drivers\STM32F1xx_HAL_Driver\Src\stm32f1xx_hal_flash.o
RPi_UART            0xe               Src\main.o
hadc1               0x30              Src\main.o
gprs                0x410             Src\main.o
risedCount          0x4               Src\main.o
huart1              0x40              Src\main.o
adc                 0x84              Src\main.o
ttime               0x100             Src\main.o
micros              0x4               Src\main.o
hspi1               0x58              Src\main.o
htim2               0x40              Src\main.o
ot                  0x70              Src\main.o
huart2              0x40              Src\main.o
adcChannel          0xc               Src\main.o
OTDR                0x12              Src\main.o

Discarded input sections

 .text          0x00000000        0x0 c:/program files (x86)/atollic/truestudio for stm32 9.0.0/armtools/bin/../lib/gcc/arm-atollic-eabi/6.3.1/armv7-m/crti.o
 .data          0x00000000        0x0 c:/program files (x86)/atollic/truestudio for stm32 9.0.0/armtools/bin/../lib/gcc/arm-atollic-eabi/6.3.1/armv7-m/crti.o
[...]
Memory Configuration

Name             Origin             Length             Attributes
RAM              0x20000000         0x00005000         xrw
FLASH            0x08000000         0x00020000         xr
*default*        0x00000000         0xffffffff

Linker script and memory map

LOAD c:/program files (x86)/atollic/truestudio for stm32 9.0.0/armtools/bin/../lib/gcc/arm-atollic-eabi/6.3.1/armv7-m/crti.o
LOAD c:/program files (x86)/atollic/truestudio for stm32 9.0.0/armtools/bin/../lib/gcc/arm-atollic-eabi/6.3.1/armv7-m/crtbegin.o
LOAD Drivers\STM32F1xx_HAL_Driver\Src\stm32f1xx_hal.o
LOAD Drivers\STM32F1xx_HAL_Driver\Src\stm32f1xx_hal_adc.o
LOAD Drivers\STM32F1xx_HAL_Driver\Src\stm32f1xx_hal_adc_ex.o
LOAD Drivers\STM32F1xx_HAL_Driver\Src\stm32f1xx_hal_can.o
LOAD Drivers\STM32F1xx_HAL_Driver\Src\stm32f1xx_hal_cortex.o
LOAD Drivers\STM32F1xx_HAL_Driver\Src\stm32f1xx_hal_dma.o
LOAD Drivers\STM32F1xx_HAL_Driver\Src\stm32f1xx_hal_flash.o
LOAD Drivers\STM32F1xx_HAL_Driver\Src\stm32f1xx_hal_flash_ex.o
LOAD Drivers\STM32F1xx_HAL_Driver\Src\stm32f1xx_hal_gpio.o
LOAD Drivers\STM32F1xx_HAL_Driver\Src\stm32f1xx_hal_gpio_ex.o
LOAD Drivers\STM32F1xx_HAL_Driver\Src\stm32f1xx_hal_i2c.o
LOAD Drivers\STM32F1xx_HAL_Driver\Src\stm32f1xx_hal_pwr.o
LOAD Drivers\STM32F1xx_HAL_Driver\Src\stm32f1xx_hal_rcc.o
LOAD Drivers\STM32F1xx_HAL_Driver\Src\stm32f1xx_hal_rcc_ex.o
LOAD Drivers\STM32F1xx_HAL_Driver\Src\stm32f1xx_hal_spi.o
LOAD Drivers\STM32F1xx_HAL_Driver\Src\stm32f1xx_hal_spi_ex.o
LOAD Drivers\STM32F1xx_HAL_Driver\Src\stm32f1xx_hal_tim.o
LOAD Drivers\STM32F1xx_HAL_Driver\Src\stm32f1xx_hal_tim_ex.o
LOAD Drivers\STM32F1xx_HAL_Driver\Src\stm32f1xx_hal_uart.o
LOAD Src\main.o
LOAD Src\stm32f1xx_hal_msp.o
LOAD Src\stm32f1xx_it.o
LOAD Src\system_stm32f1xx.o
LOAD startup\startup_stm32f103xb.o
                0x00000080                malloc_getpagesize_P = 0x80
START GROUP
LOAD c:/program files (x86)/atollic/truestudio for stm32 9.0.0/armtools/bin/../lib/gcc/arm-atollic-eabi/6.3.1/../../../../arm-atollic-eabi/lib/armv7-m\libc_nano.a
LOAD c:/program files (x86)/atollic/truestudio for stm32 9.0.0/armtools/bin/../lib/gcc/arm-atollic-eabi/6.3.1/../../../../arm-atollic-eabi/lib/armv7-m\libm.a
END GROUP
START GROUP
LOAD c:/program files (x86)/atollic/truestudio for stm32 9.0.0/armtools/bin/../lib/gcc/arm-atollic-eabi/6.3.1/armv7-m\libgcc.a
LOAD c:/program files (x86)/atollic/truestudio for stm32 9.0.0/armtools/bin/../lib/gcc/arm-atollic-eabi/6.3.1/../../../../arm-atollic-eabi/lib/armv7-m\libc_nano.a
END GROUP
START GROUP
LOAD c:/program files (x86)/atollic/truestudio for stm32 9.0.0/armtools/bin/../lib/gcc/arm-atollic-eabi/6.3.1/armv7-m\libgcc.a
LOAD c:/program files (x86)/atollic/truestudio for stm32 9.0.0/armtools/bin/../lib/gcc/arm-atollic-eabi/6.3.1/../../../../arm-atollic-eabi/lib/armv7-m\libc_nano.a
LOAD c:/program files (x86)/atollic/truestudio for stm32 9.0.0/armtools/bin/../lib/gcc/arm-atollic-eabi/6.3.1/../../../../arm-atollic-eabi/lib/armv7-m\libnosys.a
END GROUP
START GROUP
LOAD c:/program files (x86)/atollic/truestudio for stm32 9.0.0/armtools/bin/../lib/gcc/arm-atollic-eabi/6.3.1/armv7-m\libgcc.a
LOAD c:/program files (x86)/atollic/truestudio for stm32 9.0.0/armtools/bin/../lib/gcc/arm-atollic-eabi/6.3.1/../../../../arm-atollic-eabi/lib/armv7-m\libc_nano.a
LOAD c:/program files (x86)/atollic/truestudio for stm32 9.0.0/armtools/bin/../lib/gcc/arm-atollic-eabi/6.3.1/../../../../arm-atollic-eabi/lib/armv7-m\libnosys.a
END GROUP
LOAD c:/program files (x86)/atollic/truestudio for stm32 9.0.0/armtools/bin/../lib/gcc/arm-atollic-eabi/6.3.1/armv7-m/crtend.o
LOAD c:/program files (x86)/atollic/truestudio for stm32 9.0.0/armtools/bin/../lib/gcc/arm-atollic-eabi/6.3.1/armv7-m/crtn.o
                0x20005000                _estack = 0x20005000
                0x00000200                _Min_Heap_Size = 0x200
                0x00000400                _Min_Stack_Size = 0x400

.isr_vector     0x08000000      0x10c
                0x08000000                . = ALIGN (0x4)
 *(.isr_vector)
 .isr_vector    0x08000000      0x10c startup\startup_stm32f103xb.o
                0x08000000                g_pfnVectors
                0x0800010c                . = ALIGN (0x4)

.text           0x08000110     0x4114
                0x08000110                . = ALIGN (0x4)
 *(.text)
 .text          0x08000110       0x40 c:/program files (x86)/atollic/truestudio for stm32 9.0.0/armtools/bin/../lib/gcc/arm-atollic-eabi/6.3.1/armv7-m/crtbegin.o
 .text          0x08000150      0x370 c:/program files (x86)/atollic/truestudio for stm32 9.0.0/armtools/bin/../lib/gcc/arm-atollic-eabi/6.3.1/armv7-m\libgcc.a(_arm_addsubdf3.o)
                0x08000150                __aeabi_drsub
                0x08000158                __aeabi_dsub
                0x08000158                __subdf3
                0x0800015c                __aeabi_dadd
                0x0800015c                __adddf3
                0x080003d4                __floatunsidf
                0x080003d4                __aeabi_ui2d
                0x080003f4                __floatsidf
                0x080003f4                __aeabi_i2d
                0x08000418                __aeabi_f2d
                0x08000418                __extendsfdf2
                0x08000454                __floatundidf
                0x08000454                __aeabi_ul2d
                0x08000464                __floatdidf
                0x08000464                __aeabi_l2d
 .text          0x080004c0      0x424 c:/program files (x86)/atollic/truestudio for stm32 9.0.0/armtools/bin/../lib/gcc/arm-atollic-eabi/6.3.1/armv7-m\libgcc.a(_arm_muldivdf3.o)
                0x080004c0                __aeabi_dmul
                0x080004c0                __muldf3
                0x08000714                __divdf3
                0x08000714                __aeabi_ddiv
 .text          0x080008e4       0x50 c:/program files (x86)/atollic/truestudio for stm32 9.0.0/armtools/bin/../lib/gcc/arm-atollic-eabi/6.3.1/armv7-m\libgcc.a(_arm_fixdfsi.o)
                0x080008e4                __aeabi_d2iz
                0x080008e4                __fixdfsi
 .text          0x08000934       0xa0 c:/program files (x86)/atollic/truestudio for stm32 9.0.0/armtools/bin/../lib/gcc/arm-atollic-eabi/6.3.1/armv7-m\libgcc.a(_arm_truncdfsf2.o)
                0x08000934                __truncdfsf2
                0x08000934                __aeabi_d2f
 .text          0x080009d4      0x21c c:/program files (x86)/atollic/truestudio for stm32 9.0.0/armtools/bin/../lib/gcc/arm-atollic-eabi/6.3.1/armv7-m\libgcc.a(_arm_addsubsf3.o)
                0x080009d4                __aeabi_frsub
                0x080009dc                __subsf3
                0x080009dc                __aeabi_fsub
                0x080009e0                __aeabi_fadd
                0x080009e0                __addsf3
                0x08000b40                __aeabi_ui2f
                0x08000b40                __floatunsisf
                0x08000b48                __aeabi_i2f
                0x08000b48                __floatsisf
                0x08000b64                __aeabi_ul2f
                0x08000b64                __floatundisf
                0x08000b74                __aeabi_l2f
                0x08000b74                __floatdisf
 .text          0x08000bf0      0x2a0 c:/program files (x86)/atollic/truestudio for stm32 9.0.0/armtools/bin/../lib/gcc/arm-atollic-eabi/6.3.1/armv7-m\libgcc.a(_arm_muldivsf3.o)
                0x08000bf0                __mulsf3
                0x08000bf0                __aeabi_fmul
                0x08000d58                __aeabi_fdiv
                0x08000d58                __divsf3
 *(.text*)
 .text.HAL_InitTick
                0x08000e90       0x48 Drivers\STM32F1xx_HAL_Driver\Src\stm32f1xx_hal.o
                0x08000e90                HAL_InitTick
 .text.HAL_Init
                0x08000ed8       0x24 Drivers\STM32F1xx_HAL_Driver\Src\stm32f1xx_hal.o
                0x08000ed8                HAL_Init
 .text.HAL_IncTick
                0x08000efc       0x18 Drivers\STM32F1xx_HAL_Driver\Src\stm32f1xx_hal.o
                0x08000efc                HAL_IncTick
 .text.HAL_GetTick
                0x08000f14        0xc Drivers\STM32F1xx_HAL_Driver\Src\stm32f1xx_hal.o
                0x08000f14                HAL_GetTick
 .text.HAL_Delay
                0x08000f20       0x24 Drivers\STM32F1xx_HAL_Driver\Src\stm32f1xx_hal.o
                0x08000f20                HAL_Delay
 .text.HAL_ADC_GetValue
                0x08000f44        0x6 Drivers\STM32F1xx_HAL_Driver\Src\stm32f1xx_hal_adc.o
                0x08000f44                HAL_ADC_GetValue
 *fill*         0x08000f4a        0x2 
 .text.HAL_ADC_ConfigChannel
                0x08000f4c      0x108 Drivers\STM32F1xx_HAL_Driver\Src\stm32f1xx_hal_adc.o
                0x08000f4c                HAL_ADC_ConfigChannel
 .text.ADC_Enable
                0x08001054       0x70 Drivers\STM32F1xx_HAL_Driver\Src\stm32f1xx_hal_adc.o
                0x08001054                ADC_Enable
 .text.HAL_ADC_Start
                0x080010c4       0xc4 Drivers\STM32F1xx_HAL_Driver\Src\stm32f1xx_hal_adc.o
                0x080010c4                HAL_ADC_Start
 .text.ADC_ConversionStop_Disable
                0x08001188       0x44 Drivers\STM32F1xx_HAL_Driver\Src\stm32f1xx_hal_adc.o
                0x08001188                ADC_ConversionStop_Disable
 .text.HAL_ADC_Init
                0x080011cc      0x100 Drivers\STM32F1xx_HAL_Driver\Src\stm32f1xx_hal_adc.o
                0x080011cc                HAL_ADC_Init
 .text.HAL_CAN_Init
                0x080012cc      0x118 Drivers\STM32F1xx_HAL_Driver\Src\stm32f1xx_hal_can.o
                0x080012cc                HAL_CAN_Init
 .text.HAL_NVIC_SetPriorityGrouping
                0x080013e4       0x24 Drivers\STM32F1xx_HAL_Driver\Src\stm32f1xx_hal_cortex.o
                0x080013e4                HAL_NVIC_SetPriorityGrouping
 .text.HAL_NVIC_SetPriority
                0x08001408       0x68 Drivers\STM32F1xx_HAL_Driver\Src\stm32f1xx_hal_cortex.o
                0x08001408                HAL_NVIC_SetPriority
 .text.HAL_NVIC_EnableIRQ
                0x08001470       0x18 Drivers\STM32F1xx_HAL_Driver\Src\stm32f1xx_hal_cortex.o
                0x08001470                HAL_NVIC_EnableIRQ
 .text.HAL_SYSTICK_Config
                0x08001488       0x2c Drivers\STM32F1xx_HAL_Driver\Src\stm32f1xx_hal_cortex.o
                0x08001488                HAL_SYSTICK_Config
 .text.HAL_SYSTICK_CLKSourceConfig
                0x080014b4       0x18 Drivers\STM32F1xx_HAL_Driver\Src\stm32f1xx_hal_cortex.o
                0x080014b4                HAL_SYSTICK_CLKSourceConfig
 .text.HAL_SYSTICK_IRQHandler
                0x080014cc        0x8 Drivers\STM32F1xx_HAL_Driver\Src\stm32f1xx_hal_cortex.o
                0x080014cc                HAL_SYSTICK_IRQHandler
 .text.HAL_DMA_Init
                0x080014d4       0x68 Drivers\STM32F1xx_HAL_Driver\Src\stm32f1xx_hal_dma.o
                0x080014d4                HAL_DMA_Init
 .text.HAL_DMA_Start_IT
                0x0800153c       0x7a Drivers\STM32F1xx_HAL_Driver\Src\stm32f1xx_hal_dma.o
                0x0800153c                HAL_DMA_Start_IT
 *fill*         0x080015b6        0x2 
 .text.HAL_DMA_Abort_IT
                0x080015b8       0x90 Drivers\STM32F1xx_HAL_Driver\Src\stm32f1xx_hal_dma.o
                0x080015b8                HAL_DMA_Abort_IT
 .text.HAL_DMA_IRQHandler
                0x08001648      0x128 Drivers\STM32F1xx_HAL_Driver\Src\stm32f1xx_hal_dma.o
                0x08001648                HAL_DMA_IRQHandler
 .text.HAL_GPIO_Init
                0x08001770      0x1c0 Drivers\STM32F1xx_HAL_Driver\Src\stm32f1xx_hal_gpio.o
                0x08001770                HAL_GPIO_Init
 .text.HAL_GPIO_WritePin
                0x08001930        0xa Drivers\STM32F1xx_HAL_Driver\Src\stm32f1xx_hal_gpio.o
                0x08001930                HAL_GPIO_WritePin
 .text.HAL_GPIO_TogglePin
                0x0800193a        0x8 Drivers\STM32F1xx_HAL_Driver\Src\stm32f1xx_hal_gpio.o
                0x0800193a                HAL_GPIO_TogglePin
 *fill*         0x08001942        0x2 
 .text.HAL_I2C_Init
                0x08001944      0x100 Drivers\STM32F1xx_HAL_Driver\Src\stm32f1xx_hal_i2c.o
                0x08001944                HAL_I2C_Init
 .text.HAL_RCC_OscConfig
                0x08001a44      0x318 Drivers\STM32F1xx_HAL_Driver\Src\stm32f1xx_hal_rcc.o
                0x08001a44                HAL_RCC_OscConfig
 .text.HAL_RCC_GetSysClockFreq
                0x08001d5c       0x78 Drivers\STM32F1xx_HAL_Driver\Src\stm32f1xx_hal_rcc.o
                0x08001d5c                HAL_RCC_GetSysClockFreq
 .text.HAL_RCC_ClockConfig
                0x08001dd4      0x148 Drivers\STM32F1xx_HAL_Driver\Src\stm32f1xx_hal_rcc.o
                0x08001dd4                HAL_RCC_ClockConfig
 .text.HAL_RCC_GetHCLKFreq
                0x08001f1c        0xc Drivers\STM32F1xx_HAL_Driver\Src\stm32f1xx_hal_rcc.o
                0x08001f1c                HAL_RCC_GetHCLKFreq
 .text.HAL_RCC_GetPCLK1Freq
                0x08001f28       0x20 Drivers\STM32F1xx_HAL_Driver\Src\stm32f1xx_hal_rcc.o
                0x08001f28                HAL_RCC_GetPCLK1Freq
 .text.HAL_RCC_GetPCLK2Freq
                0x08001f48       0x20 Drivers\STM32F1xx_HAL_Driver\Src\stm32f1xx_hal_rcc.o
                0x08001f48                HAL_RCC_GetPCLK2Freq
 .text.HAL_RCCEx_PeriphCLKConfig
                0x08001f68       0xf0 Drivers\STM32F1xx_HAL_Driver\Src\stm32f1xx_hal_rcc_ex.o
                0x08001f68                HAL_RCCEx_PeriphCLKConfig
 .text.HAL_SPI_ErrorCallback
                0x08002058        0x2 Drivers\STM32F1xx_HAL_Driver\Src\stm32f1xx_hal_spi.o
                0x08002058                HAL_SPI_ErrorCallback
 *fill*         0x0800205a        0x2 
 .text.HAL_SPI_IRQHandler
                0x0800205c       0xd0 Drivers\STM32F1xx_HAL_Driver\Src\stm32f1xx_hal_spi.o
                0x0800205c                HAL_SPI_IRQHandler
 .text.SPI_DMAAbortOnError
                0x0800212c       0x10 Drivers\STM32F1xx_HAL_Driver\Src\stm32f1xx_hal_spi.o
 .text.HAL_SPI_Init
                0x0800213c       0x76 Drivers\STM32F1xx_HAL_Driver\Src\stm32f1xx_hal_spi_ex.o
                0x0800213c                HAL_SPI_Init
 .text.HAL_TIM_Base_Start
                0x080021b2       0x1a Drivers\STM32F1xx_HAL_Driver\Src\stm32f1xx_hal_tim.o
                0x080021b2                HAL_TIM_Base_Start
 .text.HAL_TIM_Base_Stop
                0x080021cc       0x2e Drivers\STM32F1xx_HAL_Driver\Src\stm32f1xx_hal_tim.o
                0x080021cc                HAL_TIM_Base_Stop
 .text.HAL_TIM_IC_MspInit
                0x080021fa        0x2 Drivers\STM32F1xx_HAL_Driver\Src\stm32f1xx_hal_tim.o
                0x080021fa                HAL_TIM_IC_MspInit
 .text.HAL_TIM_ConfigClockSource
                0x080021fc      0x172 Drivers\STM32F1xx_HAL_Driver\Src\stm32f1xx_hal_tim.o
                0x080021fc                HAL_TIM_ConfigClockSource
 .text.HAL_TIM_ReadCapturedValue
                0x0800236e       0x46 Drivers\STM32F1xx_HAL_Driver\Src\stm32f1xx_hal_tim.o
                0x0800236e                HAL_TIM_ReadCapturedValue
 .text.HAL_TIM_OC_DelayElapsedCallback
                0x080023b4        0x2 Drivers\STM32F1xx_HAL_Driver\Src\stm32f1xx_hal_tim.o
                0x080023b4                HAL_TIM_OC_DelayElapsedCallback
 .text.HAL_TIM_PWM_PulseFinishedCallback
                0x080023b6        0x2 Drivers\STM32F1xx_HAL_Driver\Src\stm32f1xx_hal_tim.o
                0x080023b6                HAL_TIM_PWM_PulseFinishedCallback
 .text.HAL_TIM_TriggerCallback
                0x080023b8        0x2 Drivers\STM32F1xx_HAL_Driver\Src\stm32f1xx_hal_tim.o
                0x080023b8                HAL_TIM_TriggerCallback
 .text.HAL_TIM_IRQHandler
                0x080023ba      0x144 Drivers\STM32F1xx_HAL_Driver\Src\stm32f1xx_hal_tim.o
                0x080023ba                HAL_TIM_IRQHandler
 *fill*         0x080024fe        0x2 
 .text.TIM_Base_SetConfig
                0x08002500       0x70 Drivers\STM32F1xx_HAL_Driver\Src\stm32f1xx_hal_tim.o
                0x08002500                TIM_Base_SetConfig
 .text.HAL_TIM_Base_Init
                0x08002570       0x34 Drivers\STM32F1xx_HAL_Driver\Src\stm32f1xx_hal_tim.o
                0x08002570                HAL_TIM_Base_Init
 .text.HAL_TIM_IC_Init
                0x080025a4       0x34 Drivers\STM32F1xx_HAL_Driver\Src\stm32f1xx_hal_tim.o
                0x080025a4                HAL_TIM_IC_Init
 .text.TIM_TI1_SetConfig
                0x080025d8       0x54 Drivers\STM32F1xx_HAL_Driver\Src\stm32f1xx_hal_tim.o
                0x080025d8                TIM_TI1_SetConfig
 .text.HAL_TIM_IC_ConfigChannel
                0x0800262c      0x110 Drivers\STM32F1xx_HAL_Driver\Src\stm32f1xx_hal_tim.o
                0x0800262c                HAL_TIM_IC_ConfigChannel
 .text.TIM_CCxChannelCmd
                0x0800273c       0x18 Drivers\STM32F1xx_HAL_Driver\Src\stm32f1xx_hal_tim.o
                0x0800273c                TIM_CCxChannelCmd
 .text.HAL_TIM_IC_Start_IT
                0x08002754       0x58 Drivers\STM32F1xx_HAL_Driver\Src\stm32f1xx_hal_tim.o
                0x08002754                HAL_TIM_IC_Start_IT
 .text.HAL_TIM_IC_Stop_IT
                0x080027ac       0x6c Drivers\STM32F1xx_HAL_Driver\Src\stm32f1xx_hal_tim.o
                0x080027ac                HAL_TIM_IC_Stop_IT
 .text.HAL_TIMEx_MasterConfigSynchronization
                0x08002818       0x44 Drivers\STM32F1xx_HAL_Driver\Src\stm32f1xx_hal_tim_ex.o
                0x08002818                HAL_TIMEx_MasterConfigSynchronization
 .text.HAL_TIMEx_CommutationCallback
                0x0800285c        0x2 Drivers\STM32F1xx_HAL_Driver\Src\stm32f1xx_hal_tim_ex.o
                0x0800285c                HAL_TIMEx_CommutationCallback
 .text.HAL_TIMEx_BreakCallback
                0x0800285e        0x2 Drivers\STM32F1xx_HAL_Driver\Src\stm32f1xx_hal_tim_ex.o
                0x0800285e                HAL_TIMEx_BreakCallback
 .text.UART_EndRxTransfer
                0x08002860       0x1a Drivers\STM32F1xx_HAL_Driver\Src\stm32f1xx_hal_uart.o
 *fill*         0x0800287a        0x2 
 .text.UART_SetConfig
                0x0800287c      0x13c Drivers\STM32F1xx_HAL_Driver\Src\stm32f1xx_hal_uart.o
 .text.UART_WaitOnFlagUntilTimeout.constprop.3
                0x080029b8       0x50 Drivers\STM32F1xx_HAL_Driver\Src\stm32f1xx_hal_uart.o
 .text.HAL_UART_Init
                0x08002a08       0x5c Drivers\STM32F1xx_HAL_Driver\Src\stm32f1xx_hal_uart.o
                0x08002a08                HAL_UART_Init
 .text.HAL_UART_Transmit
                0x08002a64       0xb8 Drivers\STM32F1xx_HAL_Driver\Src\stm32f1xx_hal_uart.o
                0x08002a64                HAL_UART_Transmit
 .text.HAL_UART_Transmit_IT
                0x08002b1c       0x3e Drivers\STM32F1xx_HAL_Driver\Src\stm32f1xx_hal_uart.o
                0x08002b1c                HAL_UART_Transmit_IT
 .text.HAL_UART_Receive_IT
                0x08002b5a       0x4e Drivers\STM32F1xx_HAL_Driver\Src\stm32f1xx_hal_uart.o
                0x08002b5a                HAL_UART_Receive_IT
 .text.HAL_UART_Transmit_DMA
                0x08002ba8       0x74 Drivers\STM32F1xx_HAL_Driver\Src\stm32f1xx_hal_uart.o
                0x08002ba8                HAL_UART_Transmit_DMA
 .text.HAL_UART_TxCpltCallback
                0x08002c1c        0x2 Drivers\STM32F1xx_HAL_Driver\Src\stm32f1xx_hal_uart.o
                0x08002c1c                HAL_UART_TxCpltCallback
 .text.UART_DMATransmitCplt
                0x08002c1e       0x2c Drivers\STM32F1xx_HAL_Driver\Src\stm32f1xx_hal_uart.o
 .text.HAL_UART_TxHalfCpltCallback
                0x08002c4a        0x2 Drivers\STM32F1xx_HAL_Driver\Src\stm32f1xx_hal_uart.o
                0x08002c4a                HAL_UART_TxHalfCpltCallback
 .text.UART_DMATxHalfCplt
                0x08002c4c        0xa Drivers\STM32F1xx_HAL_Driver\Src\stm32f1xx_hal_uart.o
 .text.UART_Receive_IT
                0x08002c56       0x7c Drivers\STM32F1xx_HAL_Driver\Src\stm32f1xx_hal_uart.o
 .text.HAL_UART_ErrorCallback
                0x08002cd2        0x2 Drivers\STM32F1xx_HAL_Driver\Src\stm32f1xx_hal_uart.o
                0x08002cd2                HAL_UART_ErrorCallback
 .text.UART_DMAError
                0x08002cd4       0x4e Drivers\STM32F1xx_HAL_Driver\Src\stm32f1xx_hal_uart.o
 *fill*         0x08002d22        0x2 
 .text.HAL_UART_IRQHandler
                0x08002d24      0x140 Drivers\STM32F1xx_HAL_Driver\Src\stm32f1xx_hal_uart.o
                0x08002d24                HAL_UART_IRQHandler
 .text.UART_DMAAbortOnError
                0x08002e64       0x10 Drivers\STM32F1xx_HAL_Driver\Src\stm32f1xx_hal_uart.o
 .text.initOT   0x08002e74       0x24 Src\main.o
                0x08002e74                initOT
 .text.setIdleState
                0x08002e98       0x10 Src\main.o
                0x08002e98                setIdleState
 .text.setActiveState
                0x08002ea8       0x10 Src\main.o
                0x08002ea8                setActiveState
 .text.activateBoiler
                0x08002eb8       0x12 Src\main.o
                0x08002eb8                activateBoiler
 *fill*         0x08002eca        0x2 
 .text.startWaiting
                0x08002ecc       0x40 Src\main.o
                0x08002ecc                startWaiting
 .text.checkACK
                0x08002f0c       0x58 Src\main.o
                0x08002f0c                checkACK
 .text.startReadResponse
                0x08002f64       0x48 Src\main.o
                0x08002f64                startReadResponse
 .text.checkTimerOVF
                0x08002fac       0x12 Src\main.o
                0x08002fac                checkTimerOVF
 *fill*         0x08002fbe        0x2 
 .text.calculateResponse
                0x08002fc0       0x58 Src\main.o
                0x08002fc0                calculateResponse
 .text.delayMicros
                0x08003018       0x28 Src\main.o
                0x08003018                delayMicros
 .text.sendBit  0x08003040       0x30 Src\main.o
                0x08003040                sendBit
 .text.sendFrame
                0x08003070       0x2c Src\main.o
                0x08003070                sendFrame
 .text.checkParity
                0x0800309c       0x1e Src\main.o
                0x0800309c                checkParity
 *fill*         0x080030ba        0x2 
 .text.OTRoute  0x080030bc       0xf4 Src\main.o
                0x080030bc                OTRoute
 .text.OWInit   0x080031b0       0x14 Src\main.o
                0x080031b0                OWInit
 .text.OWTick   0x080031c4       0x1c Src\main.o
                0x080031c4                OWTick
 .text.OWReset  0x080031e0       0x78 Src\main.o
                0x080031e0                OWReset
 .text.OWTransmit
                0x08003258       0x30 Src\main.o
                0x08003258                OWTransmit
 .text.OWReceive
                0x08003288       0x8c Src\main.o
                0x08003288                OWReceive
 .text.OWRoute  0x08003314       0x1c Src\main.o
                0x08003314                OWRoute
 .text.initADC  0x08003330       0x1c Src\main.o
                0x08003330                initADC
 .text.ReadAnalogADC1
                0x0800334c       0x38 Src\main.o
                0x0800334c                ReadAnalogADC1
 *fill*         0x08003384        0x4 
 .text.routeADC
                0x08003388       0xb8 Src\main.o
                0x08003388                routeADC
 .text.initAT   0x08003440       0xd4 Src\main.o
                0x08003440                initAT
 .text.sendQueue
                0x08003514       0x48 Src\main.o
                0x08003514                sendQueue
 .text.checkUpdate
                0x0800355c       0x24 Src\main.o
                0x0800355c                checkUpdate
 .text.RPiInit  0x08003580       0x20 Src\main.o
                0x08003580                RPiInit
 .text.RPiRoute
                0x080035a0       0x24 Src\main.o
                0x080035a0                RPiRoute
 .text.RPiRXRoute
                0x080035c4      0x128 Src\main.o
                0x080035c4                RPiRXRoute
 .text.HAL_TIM_PeriodElapsedCallback
                0x080036ec       0x2c Src\main.o
                0x080036ec                HAL_TIM_PeriodElapsedCallback
 .text.HAL_TIM_IC_CaptureCallback
                0x08003718       0x74 Src\main.o
                0x08003718                HAL_TIM_IC_CaptureCallback
 .text.HAL_UART_RxCpltCallback
                0x0800378c       0x2c Src\main.o
                0x0800378c                HAL_UART_RxCpltCallback
 .text.HAL_SYSTICK_Callback
                0x080037b8       0x40 Src\main.o
                0x080037b8                HAL_SYSTICK_Callback
 .text.SystemClock_Config
                0x080037f8       0x7c Src\main.o
                0x080037f8                SystemClock_Config
 .text.startup.main
                0x08003874      0x37c Src\main.o
                0x08003874                main
 .text._Error_Handler
                0x08003bf0        0x2 Src\main.o
                0x08003bf0                _Error_Handler
 *fill*         0x08003bf2        0x2 
 .text.HAL_MspInit
                0x08003bf4       0x8c Src\stm32f1xx_hal_msp.o
                0x08003bf4                HAL_MspInit
 .text.HAL_ADC_MspInit
                0x08003c80       0x60 Src\stm32f1xx_hal_msp.o
                0x08003c80                HAL_ADC_MspInit
 .text.HAL_CAN_MspInit
                0x08003ce0       0x70 Src\stm32f1xx_hal_msp.o
                0x08003ce0                HAL_CAN_MspInit
 .text.HAL_I2C_MspInit
                0x08003d50       0x44 Src\stm32f1xx_hal_msp.o
                0x08003d50                HAL_I2C_MspInit
 .text.HAL_SPI_MspInit
                0x08003d94       0xd0 Src\stm32f1xx_hal_msp.o
                0x08003d94                HAL_SPI_MspInit
 .text.HAL_TIM_Base_MspInit
                0x08003e64       0x88 Src\stm32f1xx_hal_msp.o
                0x08003e64                HAL_TIM_Base_MspInit
 .text.HAL_UART_MspInit
                0x08003eec      0x148 Src\stm32f1xx_hal_msp.o
                0x08003eec                HAL_UART_MspInit
 .text.NMI_Handler
                0x08004034        0x2 Src\stm32f1xx_it.o
                0x08004034                NMI_Handler
 .text.HardFault_Handler
                0x08004036        0x2 Src\stm32f1xx_it.o
                0x08004036                HardFault_Handler
 .text.MemManage_Handler
                0x08004038        0x2 Src\stm32f1xx_it.o
                0x08004038                MemManage_Handler
 .text.BusFault_Handler
                0x0800403a        0x2 Src\stm32f1xx_it.o
                0x0800403a                BusFault_Handler
 .text.UsageFault_Handler
                0x0800403c        0x2 Src\stm32f1xx_it.o
                0x0800403c                UsageFault_Handler
 .text.SVC_Handler
                0x0800403e        0x2 Src\stm32f1xx_it.o
                0x0800403e                SVC_Handler
 .text.DebugMon_Handler
                0x08004040        0x2 Src\stm32f1xx_it.o
                0x08004040                DebugMon_Handler
 .text.PendSV_Handler
                0x08004042        0x2 Src\stm32f1xx_it.o
                0x08004042                PendSV_Handler
 .text.SysTick_Handler
                0x08004044        0xe Src\stm32f1xx_it.o
                0x08004044                SysTick_Handler
 *fill*         0x08004052        0x2 
 .text.DMA1_Channel2_IRQHandler
                0x08004054        0xc Src\stm32f1xx_it.o
                0x08004054                DMA1_Channel2_IRQHandler
 .text.DMA1_Channel4_IRQHandler
                0x08004060        0x2 Src\stm32f1xx_it.o
                0x08004060                DMA1_Channel4_IRQHandler
 *fill*         0x08004062        0x2 
 .text.TIM2_IRQHandler
                0x08004064        0xc Src\stm32f1xx_it.o
                0x08004064                TIM2_IRQHandler
 .text.SPI1_IRQHandler
                0x08004070        0xc Src\stm32f1xx_it.o
                0x08004070                SPI1_IRQHandler
 .text.SPI2_IRQHandler
                0x0800407c        0xc Src\stm32f1xx_it.o
                0x0800407c                SPI2_IRQHandler
 .text.USART1_IRQHandler
                0x08004088        0xc Src\stm32f1xx_it.o
                0x08004088                USART1_IRQHandler
 .text.USART3_IRQHandler
                0x08004094        0xc Src\stm32f1xx_it.o
                0x08004094                USART3_IRQHandler
 .text.SystemInit
                0x080040a0       0x4c Src\system_stm32f1xx.o
                0x080040a0                SystemInit
 .text.Reset_Handler
                0x080040ec       0x48 startup\startup_stm32f103xb.o
                0x080040ec                Reset_Handler
 .text.Default_Handler
                0x08004134        0x2 startup\startup_stm32f103xb.o
                0x08004134                RTC_Alarm_IRQHandler
                0x08004134                EXTI2_IRQHandler
                0x08004134                TIM1_CC_IRQHandler
                0x08004134                PVD_IRQHandler
                0x08004134                EXTI3_IRQHandler
                0x08004134                EXTI0_IRQHandler
                0x08004134                I2C2_EV_IRQHandler
                0x08004134                ADC1_2_IRQHandler
                0x08004134                TAMPER_IRQHandler
                0x08004134                RTC_IRQHandler
                0x08004134                DMA1_Channel7_IRQHandler
                0x08004134                CAN1_RX1_IRQHandler
                0x08004134                TIM4_IRQHandler
                0x08004134                I2C1_EV_IRQHandler
                0x08004134                DMA1_Channel6_IRQHandler
                0x08004134                TIM3_IRQHandler
                0x08004134                RCC_IRQHandler
                0x08004134                TIM1_TRG_COM_IRQHandler
                0x08004134                DMA1_Channel1_IRQHandler
                0x08004134                Default_Handler
                0x08004134                EXTI15_10_IRQHandler
                0x08004134                EXTI9_5_IRQHandler
                0x08004134                DMA1_Channel5_IRQHandler
                0x08004134                EXTI4_IRQHandler
                0x08004134                USB_LP_CAN1_RX0_IRQHandler
                0x08004134                USB_HP_CAN1_TX_IRQHandler
                0x08004134                DMA1_Channel3_IRQHandler
                0x08004134                TIM1_UP_IRQHandler
                0x08004134                WWDG_IRQHandler
                0x08004134                TIM1_BRK_IRQHandler
                0x08004134                EXTI1_IRQHandler
                0x08004134                USART2_IRQHandler
                0x08004134                I2C2_ER_IRQHandler
                0x08004134                CAN1_SCE_IRQHandler
                0x08004134                FLASH_IRQHandler
                0x08004134                I2C1_ER_IRQHandler
                0x08004134                USBWakeUp_IRQHandler
 *fill*         0x08004136        0x2 
 .text.__libc_init_array
                0x08004138       0x48 c:/program files (x86)/atollic/truestudio for stm32 9.0.0/armtools/bin/../lib/gcc/arm-atollic-eabi/6.3.1/../../../../arm-atollic-eabi/lib/armv7-m\libc_nano.a(lib_a-init.o)
                0x08004138                __libc_init_array
 .text.round    0x08004180       0x8c c:/program files (x86)/atollic/truestudio for stm32 9.0.0/armtools/bin/../lib/gcc/arm-atollic-eabi/6.3.1/../../../../arm-atollic-eabi/lib/armv7-m\libm.a(lib_a-s_round.o)
                0x08004180                round
 *(.glue_7)
 .glue_7        0x0800420c        0x0 linker stubs
 *(.glue_7t)
 .glue_7t       0x0800420c        0x0 linker stubs
 *(.eh_frame)
 .eh_frame      0x0800420c        0x0 c:/program files (x86)/atollic/truestudio for stm32 9.0.0/armtools/bin/../lib/gcc/arm-atollic-eabi/6.3.1/armv7-m/crtbegin.o
 *(.init)
 .init          0x0800420c        0x4 c:/program files (x86)/atollic/truestudio for stm32 9.0.0/armtools/bin/../lib/gcc/arm-atollic-eabi/6.3.1/armv7-m/crti.o
                0x0800420c                _init
 .init          0x08004210        0x8 c:/program files (x86)/atollic/truestudio for stm32 9.0.0/armtools/bin/../lib/gcc/arm-atollic-eabi/6.3.1/armv7-m/crtn.o
 *(.fini)
 .fini          0x08004218        0x4 c:/program files (x86)/atollic/truestudio for stm32 9.0.0/armtools/bin/../lib/gcc/arm-atollic-eabi/6.3.1/armv7-m/crti.o
                0x08004218                _fini
 .fini          0x0800421c        0x8 c:/program files (x86)/atollic/truestudio for stm32 9.0.0/armtools/bin/../lib/gcc/arm-atollic-eabi/6.3.1/armv7-m/crtn.o
                0x08004224                . = ALIGN (0x4)
                0x08004224                _etext = .

.vfp11_veneer   0x08004224        0x0
 .vfp11_veneer  0x08004224        0x0 linker stubs

.v4_bx          0x08004224        0x0
 .v4_bx         0x08004224        0x0 linker stubs

.iplt           0x08004224        0x0
 .iplt          0x08004224        0x0 c:/program files (x86)/atollic/truestudio for stm32 9.0.0/armtools/bin/../lib/gcc/arm-atollic-eabi/6.3.1/armv7-m/crtbegin.o

.rodata         0x08004224      0x138
                0x08004224                . = ALIGN (0x4)
 *(.rodata)
 .rodata        0x08004224       0x10 Drivers\STM32F1xx_HAL_Driver\Src\stm32f1xx_hal_rcc.o
 *(.rodata*)
 .rodata.convert_T
                0x08004234       0x10 Src\main.o
                0x08004234                convert_T
 .rodata.initAT.str1.1
                0x08004244       0xb0 Src\main.o
                                 0xb1 (size before relaxing)
 .rodata.read_scratch
                0x080042f4       0x20 Src\main.o
                0x080042f4                read_scratch
 .rodata.sendQueue.str1.1
                0x08004314       0x14 Src\main.o
 .rodata.HAL_UART_MspInit.str1.1
                0x08004328       0x1b Src\stm32f1xx_hal_msp.o
 .rodata.AHBPrescTable
                0x08004343       0x10 Src\system_stm32f1xx.o
                0x08004343                AHBPrescTable
 .rodata.APBPrescTable
                0x08004353        0x8 Src\system_stm32f1xx.o
                0x08004353                APBPrescTable
                0x0800435c                . = ALIGN (0x4)
 *fill*         0x0800435b        0x1 

.rel.dyn        0x0800435c        0x0
 .rel.iplt      0x0800435c        0x0 c:/program files (x86)/atollic/truestudio for stm32 9.0.0/armtools/bin/../lib/gcc/arm-atollic-eabi/6.3.1/armv7-m/crtbegin.o

.ARM.extab
 *(.ARM.extab* .gnu.linkonce.armextab.*)

.ARM            0x0800435c        0x0
                0x0800435c                __exidx_start = .
 *(.ARM.exidx*)
                0x0800435c                __exidx_end = .

.preinit_array  0x0800435c        0x0
                0x0800435c                PROVIDE (__preinit_array_start, .)
 *(.preinit_array*)
                0x0800435c                PROVIDE (__preinit_array_end, .)

.init_array     0x0800435c        0x4
                0x0800435c                PROVIDE (__init_array_start, .)
 *(SORT(.init_array.*))
 *(.init_array*)
 .init_array    0x0800435c        0x4 c:/program files (x86)/atollic/truestudio for stm32 9.0.0/armtools/bin/../lib/gcc/arm-atollic-eabi/6.3.1/armv7-m/crtbegin.o
                0x08004360                PROVIDE (__init_array_end, .)

.fini_array     0x08004360        0x4
                [!provide]                PROVIDE (__fini_array_start, .)
 *(SORT(.fini_array.*))
 *(.fini_array*)
 .fini_array    0x08004360        0x4 c:/program files (x86)/atollic/truestudio for stm32 9.0.0/armtools/bin/../lib/gcc/arm-atollic-eabi/6.3.1/armv7-m/crtbegin.o
                [!provide]                PROVIDE (__fini_array_end, .)
                0x08004364                _sidata = LOADADDR (.data)

.data           0x20000000       0x50 load address 0x08004364
                0x20000000                . = ALIGN (0x4)
                0x20000000                _sdata = .
 *(.data)
 *(.data*)
 .data.uwTickFreq
                0x20000000        0x1 Drivers\STM32F1xx_HAL_Driver\Src\stm32f1xx_hal.o
                0x20000000                uwTickFreq
 *fill*         0x20000001        0x3 
 .data.uwTickPrio
                0x20000004        0x4 Drivers\STM32F1xx_HAL_Driver\Src\stm32f1xx_hal.o
                0x20000004                uwTickPrio
 .data.requests
                0x20000008       0x44 Src\main.o
                0x20000008                requests
 .data.SystemCoreClock
                0x2000004c        0x4 Src\system_stm32f1xx.o
                0x2000004c                SystemCoreClock
                0x20000050                . = ALIGN (0x4)
                0x20000050                _edata = .

.igot.plt       0x20000050        0x0 load address 0x080043b4
 .igot.plt      0x20000050        0x0 c:/program files (x86)/atollic/truestudio for stm32 9.0.0/armtools/bin/../lib/gcc/arm-atollic-eabi/6.3.1/armv7-m/crtbegin.o
                0x20000050                . = ALIGN (0x4)

.bss            0x20000050      0xb08 load address 0x080043b4
                0x20000050                _sbss = .
                0x20000050                __bss_start__ = _sbss
 *(.bss)
 .bss           0x20000050       0x1c c:/program files (x86)/atollic/truestudio for stm32 9.0.0/armtools/bin/../lib/gcc/arm-atollic-eabi/6.3.1/armv7-m/crtbegin.o
 *(.bss*)
 .bss.dv        0x2000006c        0x2 Src\main.o
                0x2000006c                dv
 .bss.rised     0x2000006e        0x1 Src\main.o
                0x2000006e                rised
 *fill*         0x2000006f        0x1 
 .bss.rpiframe  0x20000070        0x4 Src\main.o
                0x20000070                rpiframe
 .bss.swIndex   0x20000074        0x4 Src\main.o
                0x20000074                swIndex
 *(COMMON)
 COMMON         0x20000078        0x4 Drivers\STM32F1xx_HAL_Driver\Src\stm32f1xx_hal.o
                0x20000078                uwTick
 COMMON         0x2000007c      0xada Src\main.o
                0x2000007c                parity
                0x2000007d                rf
                0x200000bd                scratch
                0x200000e0                hspi2
                0x20000138                OTCommon
                0x20000144                htim4
                0x20000184                RPi_SPI
                0x2000019c                huart3
                0x200001dc                hi2c1
                0x20000230                queue
                0x20000258                AT
                0x2000033c                setBIT
                0x20000340                hcan
                0x20000384                temp
                0x20000390                hdma_usart3_tx
                0x200003d4                RPi_UART
                0x200003e4                hadc1
                0x20000414                gprs
                0x20000824                risedCount
                0x20000828                huart1
                0x20000868                adc
                0x200008ec                ttime
                0x200009ec                micros
                0x200009f0                hspi1
                0x20000a48                htim2
                0x20000a88                ot
                0x20000af8                huart2
                0x20000b38                adcChannel
                0x20000b44                OTDR
                0x20000b58                . = ALIGN (0x4)
 *fill*         0x20000b56        0x2 
                0x20000b58                _ebss = .
                0x20000b58                __bss_end__ = _ebss

._user_heap_stack
                0x20000b58      0x600 load address 0x080043b4
                0x20000b58                . = ALIGN (0x4)
                [!provide]                PROVIDE (end, .)
                [!provide]                PROVIDE (_end, .)
                0x20000d58                . = (. + _Min_Heap_Size)
 *fill*         0x20000b58      0x200 
                0x20001158                . = (. + _Min_Stack_Size)
 *fill*         0x20000d58      0x400 
                0x20001158                . = ALIGN (0x4)

/DISCARD/
 libc.a(*)
 libm.a(*)
 libgcc.a(*)

.ARM.attributes
                0x00000000       0x29
 *(.ARM.attributes)
 .ARM.attributes
                0x00000000       0x1d c:/program files (x86)/atollic/truestudio for stm32 9.0.0/armtools/bin/../lib/gcc/arm-atollic-eabi/6.3.1/armv7-m/crti.o
 .ARM.attributes
                0x0000001d       0x2d c:/program files (x86)/atollic/truestudio for stm32 9.0.0/armtools/bin/../lib/gcc/arm-atollic-eabi/6.3.1/armv7-m/crtbegin.o
 .ARM.attributes
                0x0000004a       0x33 Drivers\STM32F1xx_HAL_Driver\Src\stm32f1xx_hal.o
 .ARM.attributes
                0x0000007d       0x33 Drivers\STM32F1xx_HAL_Driver\Src\stm32f1xx_hal_adc.o
 .ARM.attributes
                0x000000b0       0x33 Drivers\STM32F1xx_HAL_Driver\Src\stm32f1xx_hal_can.o
 .ARM.attributes
                0x000000e3       0x33 Drivers\STM32F1xx_HAL_Driver\Src\stm32f1xx_hal_cortex.o
 .ARM.attributes
                0x00000116       0x33 Drivers\STM32F1xx_HAL_Driver\Src\stm32f1xx_hal_dma.o
 .ARM.attributes
                0x00000149       0x33 Drivers\STM32F1xx_HAL_Driver\Src\stm32f1xx_hal_gpio.o
 .ARM.attributes
                0x0000017c       0x33 Drivers\STM32F1xx_HAL_Driver\Src\stm32f1xx_hal_i2c.o
 .ARM.attributes
                0x000001af       0x33 Drivers\STM32F1xx_HAL_Driver\Src\stm32f1xx_hal_rcc.o
 .ARM.attributes
                0x000001e2       0x33 Drivers\STM32F1xx_HAL_Driver\Src\stm32f1xx_hal_rcc_ex.o
 .ARM.attributes
                0x00000215       0x33 Drivers\STM32F1xx_HAL_Driver\Src\stm32f1xx_hal_spi.o
 .ARM.attributes
                0x00000248       0x33 Drivers\STM32F1xx_HAL_Driver\Src\stm32f1xx_hal_spi_ex.o
 .ARM.attributes
                0x0000027b       0x33 Drivers\STM32F1xx_HAL_Driver\Src\stm32f1xx_hal_tim.o
 .ARM.attributes
                0x000002ae       0x33 Drivers\STM32F1xx_HAL_Driver\Src\stm32f1xx_hal_tim_ex.o
 .ARM.attributes
                0x000002e1       0x33 Drivers\STM32F1xx_HAL_Driver\Src\stm32f1xx_hal_uart.o
 .ARM.attributes
                0x00000314       0x33 Src\main.o
 .ARM.attributes
                0x00000347       0x33 Src\stm32f1xx_hal_msp.o
 .ARM.attributes
                0x0000037a       0x33 Src\stm32f1xx_it.o
 .ARM.attributes
                0x000003ad       0x33 Src\system_stm32f1xx.o
 .ARM.attributes
                0x000003e0       0x21 startup\startup_stm32f103xb.o
 .ARM.attributes
                0x00000401       0x2d c:/program files (x86)/atollic/truestudio for stm32 9.0.0/armtools/bin/../lib/gcc/arm-atollic-eabi/6.3.1/../../../../arm-atollic-eabi/lib/armv7-m\libc_nano.a(lib_a-init.o)
 .ARM.attributes
                0x0000042e       0x2d c:/program files (x86)/atollic/truestudio for stm32 9.0.0/armtools/bin/../lib/gcc/arm-atollic-eabi/6.3.1/../../../../arm-atollic-eabi/lib/armv7-m\libm.a(lib_a-s_round.o)
 .ARM.attributes
                0x0000045b       0x1d c:/program files (x86)/atollic/truestudio for stm32 9.0.0/armtools/bin/../lib/gcc/arm-atollic-eabi/6.3.1/armv7-m\libgcc.a(_arm_addsubdf3.o)
 .ARM.attributes
                0x00000478       0x1d c:/program files (x86)/atollic/truestudio for stm32 9.0.0/armtools/bin/../lib/gcc/arm-atollic-eabi/6.3.1/armv7-m\libgcc.a(_arm_muldivdf3.o)
 .ARM.attributes
                0x00000495       0x1d c:/program files (x86)/atollic/truestudio for stm32 9.0.0/armtools/bin/../lib/gcc/arm-atollic-eabi/6.3.1/armv7-m\libgcc.a(_arm_fixdfsi.o)
 .ARM.attributes
                0x000004b2       0x1d c:/program files (x86)/atollic/truestudio for stm32 9.0.0/armtools/bin/../lib/gcc/arm-atollic-eabi/6.3.1/armv7-m\libgcc.a(_arm_truncdfsf2.o)
 .ARM.attributes
                0x000004cf       0x1d c:/program files (x86)/atollic/truestudio for stm32 9.0.0/armtools/bin/../lib/gcc/arm-atollic-eabi/6.3.1/armv7-m\libgcc.a(_arm_addsubsf3.o)
 .ARM.attributes
                0x000004ec       0x1d c:/program files (x86)/atollic/truestudio for stm32 9.0.0/armtools/bin/../lib/gcc/arm-atollic-eabi/6.3.1/armv7-m\libgcc.a(_arm_muldivsf3.o)
 .ARM.attributes
                0x00000509       0x1d c:/program files (x86)/atollic/truestudio for stm32 9.0.0/armtools/bin/../lib/gcc/arm-atollic-eabi/6.3.1/armv7-m/crtn.o
OUTPUT(OTH.elf elf32-littlearm)

.debug_info     0x00000000    0x1f57e
 .debug_info    0x00000000      0xfba Drivers\STM32F1xx_HAL_Driver\Src\stm32f1xx_hal.o
 .debug_info    0x00000fba     0x165b Drivers\STM32F1xx_HAL_Driver\Src\stm32f1xx_hal_adc.o
 .debug_info    0x00002615     0x1474 Drivers\STM32F1xx_HAL_Driver\Src\stm32f1xx_hal_can.o
 .debug_info    0x00003a89     0x1463 Drivers\STM32F1xx_HAL_Driver\Src\stm32f1xx_hal_cortex.o
 .debug_info    0x00004eec     0x1001 Drivers\STM32F1xx_HAL_Driver\Src\stm32f1xx_hal_dma.o
 .debug_info    0x00005eed      0xe7c Drivers\STM32F1xx_HAL_Driver\Src\stm32f1xx_hal_gpio.o
 .debug_info    0x00006d69     0x38a4 Drivers\STM32F1xx_HAL_Driver\Src\stm32f1xx_hal_i2c.o
 .debug_info    0x0000a60d     0x11f7 Drivers\STM32F1xx_HAL_Driver\Src\stm32f1xx_hal_rcc.o
 .debug_info    0x0000b804      0xc57 Drivers\STM32F1xx_HAL_Driver\Src\stm32f1xx_hal_rcc_ex.o
 .debug_info    0x0000c45b     0x2318 Drivers\STM32F1xx_HAL_Driver\Src\stm32f1xx_hal_spi.o
 .debug_info    0x0000e773      0xe1b Drivers\STM32F1xx_HAL_Driver\Src\stm32f1xx_hal_spi_ex.o
 .debug_info    0x0000f58e     0x3b73 Drivers\STM32F1xx_HAL_Driver\Src\stm32f1xx_hal_tim.o
 .debug_info    0x00013101     0x1943 Drivers\STM32F1xx_HAL_Driver\Src\stm32f1xx_hal_tim_ex.o
 .debug_info    0x00014a44     0x1e00 Drivers\STM32F1xx_HAL_Driver\Src\stm32f1xx_hal_uart.o
 .debug_info    0x00016844     0x4581 Src\main.o
 .debug_info    0x0001adc5     0x276f Src\stm32f1xx_hal_msp.o
 .debug_info    0x0001d534     0x13dc Src\stm32f1xx_it.o
 .debug_info    0x0001e910      0xc07 Src\system_stm32f1xx.o
 .debug_info    0x0001f517       0x67 startup\startup_stm32f103xb.o

.debug_abbrev   0x00000000     0x3819
 .debug_abbrev  0x00000000      0x308 Drivers\STM32F1xx_HAL_Driver\Src\stm32f1xx_hal.o
 .debug_abbrev  0x00000308      0x2fb Drivers\STM32F1xx_HAL_Driver\Src\stm32f1xx_hal_adc.o
 .debug_abbrev  0x00000603      0x30d Drivers\STM32F1xx_HAL_Driver\Src\stm32f1xx_hal_can.o
 .debug_abbrev  0x00000910      0x399 Drivers\STM32F1xx_HAL_Driver\Src\stm32f1xx_hal_cortex.o
 .debug_abbrev  0x00000ca9      0x29e Drivers\STM32F1xx_HAL_Driver\Src\stm32f1xx_hal_dma.o
 .debug_abbrev  0x00000f47      0x268 Drivers\STM32F1xx_HAL_Driver\Src\stm32f1xx_hal_gpio.o
 .debug_abbrev  0x000011af      0x3c1 Drivers\STM32F1xx_HAL_Driver\Src\stm32f1xx_hal_i2c.o
 .debug_abbrev  0x00001570      0x367 Drivers\STM32F1xx_HAL_Driver\Src\stm32f1xx_hal_rcc.o
 .debug_abbrev  0x000018d7      0x277 Drivers\STM32F1xx_HAL_Driver\Src\stm32f1xx_hal_rcc_ex.o
 .debug_abbrev  0x00001b4e      0x39b Drivers\STM32F1xx_HAL_Driver\Src\stm32f1xx_hal_spi.o
 .debug_abbrev  0x00001ee9      0x1d8 Drivers\STM32F1xx_HAL_Driver\Src\stm32f1xx_hal_spi_ex.o
 .debug_abbrev  0x000020c1      0x3bb Drivers\STM32F1xx_HAL_Driver\Src\stm32f1xx_hal_tim.o
 .debug_abbrev  0x0000247c      0x30d Drivers\STM32F1xx_HAL_Driver\Src\stm32f1xx_hal_tim_ex.o
 .debug_abbrev  0x00002789      0x364 Drivers\STM32F1xx_HAL_Driver\Src\stm32f1xx_hal_uart.o
 .debug_abbrev  0x00002aed      0x60e Src\main.o
 .debug_abbrev  0x000030fb      0x2e7 Src\stm32f1xx_hal_msp.o
 .debug_abbrev  0x000033e2      0x23a Src\stm32f1xx_it.o
 .debug_abbrev  0x0000361c      0x1eb Src\system_stm32f1xx.o
 .debug_abbrev  0x00003807       0x12 startup\startup_stm32f103xb.o

.debug_loc      0x00000000     0xbf13
 .debug_loc     0x00000000      0x11b Drivers\STM32F1xx_HAL_Driver\Src\stm32f1xx_hal.o
 .debug_loc     0x0000011b      0x873 Drivers\STM32F1xx_HAL_Driver\Src\stm32f1xx_hal_adc.o
 .debug_loc     0x0000098e      0x973 Drivers\STM32F1xx_HAL_Driver\Src\stm32f1xx_hal_can.o
 .debug_loc     0x00001301      0x46b Drivers\STM32F1xx_HAL_Driver\Src\stm32f1xx_hal_cortex.o
 .debug_loc     0x0000176c      0x5d1 Drivers\STM32F1xx_HAL_Driver\Src\stm32f1xx_hal_dma.o
 .debug_loc     0x00001d3d      0x36a Drivers\STM32F1xx_HAL_Driver\Src\stm32f1xx_hal_gpio.o
 .debug_loc     0x000020a7     0x2bdf Drivers\STM32F1xx_HAL_Driver\Src\stm32f1xx_hal_i2c.o
 .debug_loc     0x00004c86      0x4c3 Drivers\STM32F1xx_HAL_Driver\Src\stm32f1xx_hal_rcc.o
 .debug_loc     0x00005149      0x29d Drivers\STM32F1xx_HAL_Driver\Src\stm32f1xx_hal_rcc_ex.o
 .debug_loc     0x000053e6     0x1525 Drivers\STM32F1xx_HAL_Driver\Src\stm32f1xx_hal_spi.o
 .debug_loc     0x0000690b       0x34 Drivers\STM32F1xx_HAL_Driver\Src\stm32f1xx_hal_spi_ex.o
 .debug_loc     0x0000693f     0x300c Drivers\STM32F1xx_HAL_Driver\Src\stm32f1xx_hal_tim.o
 .debug_loc     0x0000994b      0x822 Drivers\STM32F1xx_HAL_Driver\Src\stm32f1xx_hal_tim_ex.o
 .debug_loc     0x0000a16d     0x1311 Drivers\STM32F1xx_HAL_Driver\Src\stm32f1xx_hal_uart.o
 .debug_loc     0x0000b47e      0x6d8 Src\main.o
 .debug_loc     0x0000bb56      0x2f0 Src\stm32f1xx_hal_msp.o
 .debug_loc     0x0000be46       0xcd Src\system_stm32f1xx.o

.debug_aranges  0x00000000      0xec8
 .debug_aranges
                0x00000000       0xc8 Drivers\STM32F1xx_HAL_Driver\Src\stm32f1xx_hal.o
 .debug_aranges
                0x000000c8       0xc8 Drivers\STM32F1xx_HAL_Driver\Src\stm32f1xx_hal_adc.o
 .debug_aranges
                0x00000190       0x88 Drivers\STM32F1xx_HAL_Driver\Src\stm32f1xx_hal_can.o
 .debug_aranges
                0x00000218       0x90 Drivers\STM32F1xx_HAL_Driver\Src\stm32f1xx_hal_cortex.o
 .debug_aranges
                0x000002a8       0x78 Drivers\STM32F1xx_HAL_Driver\Src\stm32f1xx_hal_dma.o
 .debug_aranges
                0x00000320       0x58 Drivers\STM32F1xx_HAL_Driver\Src\stm32f1xx_hal_gpio.o
 .debug_aranges
                0x00000378      0x190 Drivers\STM32F1xx_HAL_Driver\Src\stm32f1xx_hal_i2c.o
 .debug_aranges
                0x00000508       0x88 Drivers\STM32F1xx_HAL_Driver\Src\stm32f1xx_hal_rcc.o
 .debug_aranges
                0x00000590       0x30 Drivers\STM32F1xx_HAL_Driver\Src\stm32f1xx_hal_rcc_ex.o
 .debug_aranges
                0x000005c0      0x188 Drivers\STM32F1xx_HAL_Driver\Src\stm32f1xx_hal_spi.o
 .debug_aranges
                0x00000748       0x20 Drivers\STM32F1xx_HAL_Driver\Src\stm32f1xx_hal_spi_ex.o
 .debug_aranges
                0x00000768      0x250 Drivers\STM32F1xx_HAL_Driver\Src\stm32f1xx_hal_tim.o
 .debug_aranges
                0x000009b8       0xe8 Drivers\STM32F1xx_HAL_Driver\Src\stm32f1xx_hal_tim_ex.o
 .debug_aranges
                0x00000aa0      0x170 Drivers\STM32F1xx_HAL_Driver\Src\stm32f1xx_hal_uart.o
 .debug_aranges
                0x00000c10      0x170 Src\main.o
 .debug_aranges
                0x00000d80       0x80 Src\stm32f1xx_hal_msp.o
 .debug_aranges
                0x00000e00       0x78 Src\stm32f1xx_it.o
 .debug_aranges
                0x00000e78       0x28 Src\system_stm32f1xx.o
 .debug_aranges
                0x00000ea0       0x28 startup\startup_stm32f103xb.o

.debug_ranges   0x00000000     0x1680
 .debug_ranges  0x00000000       0xb8 Drivers\STM32F1xx_HAL_Driver\Src\stm32f1xx_hal.o
 .debug_ranges  0x000000b8       0xb8 Drivers\STM32F1xx_HAL_Driver\Src\stm32f1xx_hal_adc.o
 .debug_ranges  0x00000170       0x90 Drivers\STM32F1xx_HAL_Driver\Src\stm32f1xx_hal_can.o
 .debug_ranges  0x00000200      0x128 Drivers\STM32F1xx_HAL_Driver\Src\stm32f1xx_hal_cortex.o
 .debug_ranges  0x00000328       0xa8 Drivers\STM32F1xx_HAL_Driver\Src\stm32f1xx_hal_dma.o
 .debug_ranges  0x000003d0       0x60 Drivers\STM32F1xx_HAL_Driver\Src\stm32f1xx_hal_gpio.o
 .debug_ranges  0x00000430      0x438 Drivers\STM32F1xx_HAL_Driver\Src\stm32f1xx_hal_i2c.o
 .debug_ranges  0x00000868       0xa0 Drivers\STM32F1xx_HAL_Driver\Src\stm32f1xx_hal_rcc.o
 .debug_ranges  0x00000908       0x40 Drivers\STM32F1xx_HAL_Driver\Src\stm32f1xx_hal_rcc_ex.o
 .debug_ranges  0x00000948      0x1d8 Drivers\STM32F1xx_HAL_Driver\Src\stm32f1xx_hal_spi.o
 .debug_ranges  0x00000b20       0x10 Drivers\STM32F1xx_HAL_Driver\Src\stm32f1xx_hal_spi_ex.o
 .debug_ranges  0x00000b30      0x340 Drivers\STM32F1xx_HAL_Driver\Src\stm32f1xx_hal_tim.o
 .debug_ranges  0x00000e70       0xd8 Drivers\STM32F1xx_HAL_Driver\Src\stm32f1xx_hal_tim_ex.o
 .debug_ranges  0x00000f48      0x190 Drivers\STM32F1xx_HAL_Driver\Src\stm32f1xx_hal_uart.o
 .debug_ranges  0x000010d8      0x318 Src\main.o
 .debug_ranges  0x000013f0      0x1f0 Src\stm32f1xx_hal_msp.o
 .debug_ranges  0x000015e0       0x68 Src\stm32f1xx_it.o
 .debug_ranges  0x00001648       0x18 Src\system_stm32f1xx.o
 .debug_ranges  0x00001660       0x20 startup\startup_stm32f103xb.o

.debug_line     0x00000000     0x9478
 .debug_line    0x00000000      0x45f Drivers\STM32F1xx_HAL_Driver\Src\stm32f1xx_hal.o
 .debug_line    0x0000045f      0x86c Drivers\STM32F1xx_HAL_Driver\Src\stm32f1xx_hal_adc.o
 .debug_line    0x00000ccb      0x8a3 Drivers\STM32F1xx_HAL_Driver\Src\stm32f1xx_hal_can.o
 .debug_line    0x0000156e      0x432 Drivers\STM32F1xx_HAL_Driver\Src\stm32f1xx_hal_cortex.o
 .debug_line    0x000019a0      0x699 Drivers\STM32F1xx_HAL_Driver\Src\stm32f1xx_hal_dma.o
 .debug_line    0x00002039      0x44b Drivers\STM32F1xx_HAL_Driver\Src\stm32f1xx_hal_gpio.o
 .debug_line    0x00002484     0x1a8b Drivers\STM32F1xx_HAL_Driver\Src\stm32f1xx_hal_i2c.o
 .debug_line    0x00003f0f      0x633 Drivers\STM32F1xx_HAL_Driver\Src\stm32f1xx_hal_rcc.o
 .debug_line    0x00004542      0x3cc Drivers\STM32F1xx_HAL_Driver\Src\stm32f1xx_hal_rcc_ex.o
 .debug_line    0x0000490e      0xbeb Drivers\STM32F1xx_HAL_Driver\Src\stm32f1xx_hal_spi.o
 .debug_line    0x000054f9      0x2f2 Drivers\STM32F1xx_HAL_Driver\Src\stm32f1xx_hal_spi_ex.o
 .debug_line    0x000057eb     0x114c Drivers\STM32F1xx_HAL_Driver\Src\stm32f1xx_hal_tim.o
 .debug_line    0x00006937      0x6ee Drivers\STM32F1xx_HAL_Driver\Src\stm32f1xx_hal_tim_ex.o
 .debug_line    0x00007025      0xc45 Drivers\STM32F1xx_HAL_Driver\Src\stm32f1xx_hal_uart.o
 .debug_line    0x00007c6a      0xb80 Src\main.o
 .debug_line    0x000087ea      0x5cd Src\stm32f1xx_hal_msp.o
 .debug_line    0x00008db7      0x3bc Src\stm32f1xx_it.o
 .debug_line    0x00009173      0x288 Src\system_stm32f1xx.o
 .debug_line    0x000093fb       0x7d startup\startup_stm32f103xb.o

.debug_str      0x00000000     0x5764
 .debug_str     0x00000000      0xbb1 Drivers\STM32F1xx_HAL_Driver\Src\stm32f1xx_hal.o
                                0xc5d (size before relaxing)
 .debug_str     0x00000bb1      0x65e Drivers\STM32F1xx_HAL_Driver\Src\stm32f1xx_hal_adc.o
                                0xcff (size before relaxing)
 .debug_str     0x0000120f      0x50b Drivers\STM32F1xx_HAL_Driver\Src\stm32f1xx_hal_can.o
                                0xbf1 (size before relaxing)
 .debug_str     0x0000171a      0x2af Drivers\STM32F1xx_HAL_Driver\Src\stm32f1xx_hal_cortex.o
                                0xd0b (size before relaxing)
 .debug_str     0x000019c9      0x220 Drivers\STM32F1xx_HAL_Driver\Src\stm32f1xx_hal_dma.o
                                0xa6f (size before relaxing)
 .debug_str     0x00001be9      0x1cb Drivers\STM32F1xx_HAL_Driver\Src\stm32f1xx_hal_gpio.o
                                0x878 (size before relaxing)
 .debug_str     0x00001db4      0xa5b Drivers\STM32F1xx_HAL_Driver\Src\stm32f1xx_hal_i2c.o
                               0x130e (size before relaxing)
 .debug_str     0x0000280f      0x2f7 Drivers\STM32F1xx_HAL_Driver\Src\stm32f1xx_hal_rcc.o
                                0xa56 (size before relaxing)
 .debug_str     0x00002b06      0x110 Drivers\STM32F1xx_HAL_Driver\Src\stm32f1xx_hal_rcc_ex.o
                                0x833 (size before relaxing)
 .debug_str     0x00002c16      0x688 Drivers\STM32F1xx_HAL_Driver\Src\stm32f1xx_hal_spi.o
                                0xf4b (size before relaxing)
 .debug_str     0x0000329e       0x3b Drivers\STM32F1xx_HAL_Driver\Src\stm32f1xx_hal_spi_ex.o
                                0xa33 (size before relaxing)
 .debug_str     0x000032d9      0xf05 Drivers\STM32F1xx_HAL_Driver\Src\stm32f1xx_hal_tim.o
                               0x17a7 (size before relaxing)
 .debug_str     0x000041de      0x4f1 Drivers\STM32F1xx_HAL_Driver\Src\stm32f1xx_hal_tim_ex.o
                               0x1049 (size before relaxing)
 .debug_str     0x000046cf      0x66e Drivers\STM32F1xx_HAL_Driver\Src\stm32f1xx_hal_uart.o
                                0xfc0 (size before relaxing)
 .debug_str     0x00004d3d      0x889 Src\main.o
                               0x266d (size before relaxing)
 .debug_str     0x000055c6       0x25 Src\stm32f1xx_hal_msp.o
                               0x185c (size before relaxing)
 .debug_str     0x000055eb      0x12c Src\stm32f1xx_it.o
                                0xe8d (size before relaxing)
 .debug_str     0x00005717       0x4d Src\system_stm32f1xx.o
                                0x6e1 (size before relaxing)

.comment        0x00000000       0x7c
 .comment       0x00000000       0x7c Drivers\STM32F1xx_HAL_Driver\Src\stm32f1xx_hal.o
                                 0x7d (size before relaxing)
 .comment       0x0000007c       0x7d Drivers\STM32F1xx_HAL_Driver\Src\stm32f1xx_hal_adc.o
 .comment       0x0000007c       0x7d Drivers\STM32F1xx_HAL_Driver\Src\stm32f1xx_hal_can.o
 .comment       0x0000007c       0x7d Drivers\STM32F1xx_HAL_Driver\Src\stm32f1xx_hal_cortex.o
 .comment       0x0000007c       0x7d Drivers\STM32F1xx_HAL_Driver\Src\stm32f1xx_hal_dma.o
 .comment       0x0000007c       0x7d Drivers\STM32F1xx_HAL_Driver\Src\stm32f1xx_hal_gpio.o
 .comment       0x0000007c       0x7d Drivers\STM32F1xx_HAL_Driver\Src\stm32f1xx_hal_i2c.o
 .comment       0x0000007c       0x7d Drivers\STM32F1xx_HAL_Driver\Src\stm32f1xx_hal_rcc.o
 .comment       0x0000007c       0x7d Drivers\STM32F1xx_HAL_Driver\Src\stm32f1xx_hal_rcc_ex.o
 .comment       0x0000007c       0x7d Drivers\STM32F1xx_HAL_Driver\Src\stm32f1xx_hal_spi.o
 .comment       0x0000007c       0x7d Drivers\STM32F1xx_HAL_Driver\Src\stm32f1xx_hal_spi_ex.o
 .comment       0x0000007c       0x7d Drivers\STM32F1xx_HAL_Driver\Src\stm32f1xx_hal_tim.o
 .comment       0x0000007c       0x7d Drivers\STM32F1xx_HAL_Driver\Src\stm32f1xx_hal_tim_ex.o
 .comment       0x0000007c       0x7d Drivers\STM32F1xx_HAL_Driver\Src\stm32f1xx_hal_uart.o
 .comment       0x0000007c       0x7d Src\main.o
 .comment       0x0000007c       0x7d Src\stm32f1xx_hal_msp.o
 .comment       0x0000007c       0x7d Src\stm32f1xx_it.o
 .comment       0x0000007c       0x7d Src\system_stm32f1xx.o

.debug_frame    0x00000000     0x3084
 .debug_frame   0x00000000      0x1b0 Drivers\STM32F1xx_HAL_Driver\Src\stm32f1xx_hal.o
 .debug_frame   0x000001b0      0x298 Drivers\STM32F1xx_HAL_Driver\Src\stm32f1xx_hal_adc.o
 .debug_frame   0x00000448      0x1bc Drivers\STM32F1xx_HAL_Driver\Src\stm32f1xx_hal_can.o
 .debug_frame   0x00000604      0x120 Drivers\STM32F1xx_HAL_Driver\Src\stm32f1xx_hal_cortex.o
 .debug_frame   0x00000724      0x144 Drivers\STM32F1xx_HAL_Driver\Src\stm32f1xx_hal_dma.o
 .debug_frame   0x00000868       0xd4 Drivers\STM32F1xx_HAL_Driver\Src\stm32f1xx_hal_gpio.o
 .debug_frame   0x0000093c      0x684 Drivers\STM32F1xx_HAL_Driver\Src\stm32f1xx_hal_i2c.o
 .debug_frame   0x00000fc0      0x150 Drivers\STM32F1xx_HAL_Driver\Src\stm32f1xx_hal_rcc.o
 .debug_frame   0x00001110       0x6c Drivers\STM32F1xx_HAL_Driver\Src\stm32f1xx_hal_rcc_ex.o
 .debug_frame   0x0000117c      0x570 Drivers\STM32F1xx_HAL_Driver\Src\stm32f1xx_hal_spi.o
 .debug_frame   0x000016ec       0x28 Drivers\STM32F1xx_HAL_Driver\Src\stm32f1xx_hal_spi_ex.o
 .debug_frame   0x00001714      0x854 Drivers\STM32F1xx_HAL_Driver\Src\stm32f1xx_hal_tim.o
 .debug_frame   0x00001f68      0x320 Drivers\STM32F1xx_HAL_Driver\Src\stm32f1xx_hal_tim_ex.o
 .debug_frame   0x00002288      0x4a0 Drivers\STM32F1xx_HAL_Driver\Src\stm32f1xx_hal_uart.o
 .debug_frame   0x00002728      0x464 Src\main.o
 .debug_frame   0x00002b8c      0x188 Src\stm32f1xx_hal_msp.o
 .debug_frame   0x00002d14      0x11c Src\stm32f1xx_it.o
 .debug_frame   0x00002e30       0x30 Src\system_stm32f1xx.o
 .debug_frame   0x00002e60       0x2c c:/program files (x86)/atollic/truestudio for stm32 9.0.0/armtools/bin/../lib/gcc/arm-atollic-eabi/6.3.1/../../../../arm-atollic-eabi/lib/armv7-m\libc_nano.a(lib_a-init.o)
 .debug_frame   0x00002e8c       0x30 c:/program files (x86)/atollic/truestudio for stm32 9.0.0/armtools/bin/../lib/gcc/arm-atollic-eabi/6.3.1/../../../../arm-atollic-eabi/lib/armv7-m\libm.a(lib_a-s_round.o)
 .debug_frame   0x00002ebc       0xac c:/program files (x86)/atollic/truestudio for stm32 9.0.0/armtools/bin/../lib/gcc/arm-atollic-eabi/6.3.1/armv7-m\libgcc.a(_arm_addsubdf3.o)
 .debug_frame   0x00002f68       0x50 c:/program files (x86)/atollic/truestudio for stm32 9.0.0/armtools/bin/../lib/gcc/arm-atollic-eabi/6.3.1/armv7-m\libgcc.a(_arm_muldivdf3.o)
 .debug_frame   0x00002fb8       0x24 c:/program files (x86)/atollic/truestudio for stm32 9.0.0/armtools/bin/../lib/gcc/arm-atollic-eabi/6.3.1/armv7-m\libgcc.a(_arm_fixdfsi.o)
 .debug_frame   0x00002fdc       0x24 c:/program files (x86)/atollic/truestudio for stm32 9.0.0/armtools/bin/../lib/gcc/arm-atollic-eabi/6.3.1/armv7-m\libgcc.a(_arm_truncdfsf2.o)
 .debug_frame   0x00003000       0x4c c:/program files (x86)/atollic/truestudio for stm32 9.0.0/armtools/bin/../lib/gcc/arm-atollic-eabi/6.3.1/armv7-m\libgcc.a(_arm_addsubsf3.o)
 .debug_frame   0x0000304c       0x38 c:/program files (x86)/atollic/truestudio for stm32 9.0.0/armtools/bin/../lib/gcc/arm-atollic-eabi/6.3.1/armv7-m\libgcc.a(_arm_muldivsf3.o)
