OT.h:206:6:initOT	0	static
OT.h:209:6:setIdleState	0	static
OT.h:212:6:setActiveState	0	static
OT.h:215:6:activateBoiler	8	static
OT.h:269:6:delayMicros	8	static
OT.h:219:6:sendBit	8	static
OT.h:225:6:sendFrame	16	static
OT.h:242:6:waitForResponse	16	static
OT.h:253:10:readResponse	24	static
OT.h:234:10:sendRequest	8	static
OT.h:278:10:checkParity	0	static
DS18B20.h:51:6:OWReset	24	static
DS18B20.h:92:6:OWTransmit	8	static
DS18B20.h:96:6:OWReceive	24	static
main.c:202:6:HAL_TIM_PeriodElapsedCallback	0	static
main.c:212:6:HAL_UART_RxCpltCallback	32	static
main.c:303:5:strpos	24	dynamic
main.c:313:6:HAL_SYSTICK_Callback	8	static
main.c:655:6:SystemClock_Config	88	static
main.c:975:6:initADC	0	static
main.c:990:6:StartAnalogADC1	8	static
main.c:998:5:GetAnalogADC1	0	static
main.c:1002:5:ReadAnalogADC1	8	static
main.c:400:5:main	80	static
main.c:1024:6:_Error_Handler	0	static
