OT.h:340:6:initOT	0	static
OT.h:350:6:setIdleState	0	static
OT.h:353:6:setActiveState	0	static
OT.h:356:6:activateBoiler	8	static
OT.h:429:6:startWaiting	16	static
OT.h:440:6:checkACK	8	static
OT.h:476:6:startReadResponse	16	static
OT.h:488:6:checkTimerOVF	0	static
OT.h:491:10:calculateResponse	24	static
OT.h:513:10:readResponse	8	static
OT.h:586:6:delayMicros	8	static
OT.h:363:6:sendBit	8	static
OT.h:409:6:sendFrame	16	static
OT.h:223:6:OTRoute	24	static
OT.h:451:6:waitForResponse	8	static
OT.h:418:10:sendRequest	8	static
OT.h:595:10:checkParity	0	static
DS18B20.h:53:6:OWInit	0	static
DS18B20.h:63:6:OWTick	0	static
DS18B20.h:78:6:OWReset	24	static
DS18B20.h:115:6:OWTransmit	8	static
DS18B20.h:124:6:OWReceive	24	static
DS18B20.h:69:6:OWRoute	0	static
ADC.h:37:6:initADC	0	static
ADC.h:63:6:StartAnalogADC1	8	static
ADC.h:71:5:GetAnalogADC1	0	static
ADC.h:76:5:ReadAnalogADC1	8	static
ADC.h:50:6:routeADC	32	static
sim800l.h:168:6:initAT	16	static
sim800l.h:502:6:checkUpdate	12	static
sim800l.h:532:6:checkReceive	0	static
sim800l.h:535:5:hex_to_int	0	static
sim800l.h:544:5:hex_to_ascii	8	static
sim800l.h:549:5:strpos	24	dynamic
sim800l.h:347:6:checkAT	24	static
sim800l.h:557:7:atCMGRPrepare	32	static
sim800l.h:278:6:sendQueue	16	static
RPi.h:82:6:RPiInit	8	static
RPi.h:131:6:makeResponse	16	static
RPi.h:90:6:RPiRoute	24	static
RPi.h:278:6:RPiRXRoute	0	static
main.c:145:6:HAL_TIM_PeriodElapsedCallback	0	static
main.c:157:6:HAL_TIM_IC_CaptureCallback	24	static
main.c:179:6:HAL_UART_RxCpltCallback	8	static
main.c:187:6:HAL_SYSTICK_Callback	8	static
main.c:469:6:SystemClock_Config	88	static
main.c:260:5:main	72	static
main.c:871:6:_Error_Handler	0	static
