main.c:271:6:HAL_TIM_PeriodElapsedCallback	0	static
main.c:281:6:HAL_UART_RxCpltCallback	8	static
main.c:293:6:HAL_SYSTICK_Callback	0	static
main.c:322:5:main	72	static
main.c:463:6:SystemClock_Config	88	static
main.c:783:6:initADC	0	static
main.c:798:6:StartAnalogADC1	8	static
main.c:806:5:GetAnalogADC1	0	static
main.c:810:5:ReadAnalogADC1	8	static
main.c:823:6:OWReset	24	static
main.c:864:6:OWTransmit	8	static
main.c:868:6:OWReceive	24	static
main.c:896:6:initOT	0	static
main.c:899:6:setIdleState	0	static
main.c:902:6:setActiveState	0	static
main.c:905:6:activateBoiler	8	static
main.c:909:6:sendBit	8	static
main.c:915:6:sendFrame	16	static
main.c:924:10:sendRequest	8	static
main.c:931:6:waitForResponse	16	static
main.c:942:10:readResponse	16	static
main.c:965:6:delayMicros	16	static
main.c:1014:6:_Error_Handler	0	static
