OT.h:284:6:initOT	0	static
OT.h:292:6:setIdleState	0	static
OT.h:295:6:setActiveState	0	static
OT.h:298:6:activateBoiler	8	static
OT.h:371:6:startWaiting	16	static
OT.h:381:6:checkACK	8	static
OT.h:417:6:startReadResponse	16	static
OT.h:429:6:checkTimerOVF	0	static
OT.h:432:10:calculateResponse	24	static
OT.h:454:10:readResponse	8	static
OT.h:530:6:delayMicros	8	static
OT.h:305:6:sendBit	8	static
OT.h:351:6:sendFrame	16	static
OT.h:392:6:waitForResponse	8	static
OT.h:360:10:sendRequest	8	static
OT.h:539:10:checkParity	0	static
OT.h:215:6:OTRoute	16	static
DS18B20.h:54:6:OWInit	0	static
DS18B20.h:64:6:OWTick200	0	static
DS18B20.h:79:6:OWReset	24	static
DS18B20.h:119:6:OWTransmit	8	static
DS18B20.h:127:6:OWReceive	24	static
DS18B20.h:70:6:OWRoute	0	static
ADC.h:38:6:initADC	0	static
ADC.h:53:6:StartAnalogADC1	8	static
ADC.h:61:5:GetAnalogADC1	0	static
ADC.h:65:5:ReadAnalogADC1	8	static
RPi.h:64:6:RPiInit	8	static
RPi.h:69:6:RPiRoute	8	static
RPi.h:76:6:RPiRXRoute	16	static
sim800l.h:63:1:strpos	24	dynamic
sim800l.h:74:1:initAT	8	static
sim800l.h:103:1:sendQueue	8	static
sim800l.h:114:1:checkAT	24	static
sim800l.h:154:1:checkUpdate	24	static
sim800l.h:173:1:checkReceive	0	static
main.c:138:6:HAL_TIM_PeriodElapsedCallback	0	static
main.c:150:6:HAL_TIM_IC_CaptureCallback	24	static
main.c:172:6:HAL_UART_RxCpltCallback	8	static
main.c:179:6:HAL_SYSTICK_Callback	8	static
main.c:480:6:SystemClock_Config	88	static
main.c:250:5:main	88	static
main.c:831:6:_Error_Handler	0	static
