OT.h:201:6:initOT	0	static
OT.h:204:6:setIdleState	0	static
OT.h:207:6:setActiveState	0	static
OT.h:210:6:activateBoiler	8	static
OT.h:264:6:delayMicros	8	static
OT.h:214:6:sendBit	8	static
OT.h:220:6:sendFrame	16	static
OT.h:237:6:waitForResponse	16	static
OT.h:248:10:readResponse	24	static
OT.h:229:10:sendRequest	8	static
OT.h:273:10:checkParity	0	static
DS18B20.h:51:6:OWReset	24	static
DS18B20.h:92:6:OWTransmit	8	static
DS18B20.h:96:6:OWReceive	24	static
main.c:179:6:HAL_TIM_PeriodElapsedCallback	0	static
main.c:189:6:HAL_UART_RxCpltCallback	16	static
main.c:243:6:HAL_SYSTICK_Callback	0	static
main.c:477:6:SystemClock_Config	88	static
main.c:797:6:initADC	0	static
main.c:812:6:StartAnalogADC1	8	static
main.c:820:5:GetAnalogADC1	0	static
main.c:824:5:ReadAnalogADC1	8	static
main.c:273:5:main	80	static
main.c:846:6:_Error_Handler	0	static
