main.c:195:6:HAL_TIM_PeriodElapsedCallback	0	static
main.c:203:6:HAL_UART_RxCpltCallback	8	static
main.c:212:6:HAL_SYSTICK_Callback	0	static
main.c:362:6:SystemClock_Config	88	static
main.c:682:6:initADC	0	static
main.c:697:6:StartAnalogADC1	8	static
main.c:705:5:GetAnalogADC1	0	static
main.c:709:5:ReadAnalogADC1	8	static
main.c:722:6:OWReset	24	static
main.c:242:5:main	72	static
main.c:764:6:initOT	0	static
main.c:767:6:setIdleState	0	static
main.c:770:6:setActiveState	0	static
main.c:773:6:activateBoiler	8	static
main.c:777:6:sendBit	8	static
main.c:783:6:sendFrame	8	static
main.c:792:10:sendRequest	8	static
main.c:799:6:waitForResponse	24	static
main.c:810:10:readResponse	8	static
main.c:829:6:delayMicros	0	static
main.c:852:6:_Error_Handler	0	static
