OT.h:201:6:initOT	0	static
OT.h:204:6:setIdleState	0	static
OT.h:207:6:setActiveState	0	static
OT.h:210:6:activateBoiler	8	static
OT.h:264:6:delayMicros	8	static
OT.h:214:6:sendBit	8	static
OT.h:220:6:sendFrame	16	static
OT.h:237:6:waitForResponse	16	static
OT.h:248:10:readResponse	24	static
OT.h:229:10:sendRequest	8	static
OT.h:273:10:checkParity	0	static
DS18B20.h:51:6:OWReset	24	static
DS18B20.h:92:6:OWTransmit	8	static
DS18B20.h:96:6:OWReceive	24	static
main.c:203:6:HAL_TIM_PeriodElapsedCallback	0	static
main.c:213:6:HAL_UART_RxCpltCallback	32	static
main.c:290:5:strpos	24	dynamic
main.c:300:6:HAL_SYSTICK_Callback	8	static
main.c:635:6:SystemClock_Config	88	static
main.c:955:6:initADC	0	static
main.c:970:6:StartAnalogADC1	8	static
main.c:978:5:GetAnalogADC1	0	static
main.c:982:5:ReadAnalogADC1	8	static
main.c:387:5:main	80	static
main.c:1004:6:_Error_Handler	0	static
