OT.h:206:6:initOT	0	static
OT.h:209:6:setIdleState	0	static
OT.h:212:6:setActiveState	0	static
OT.h:215:6:activateBoiler	8	static
OT.h:269:6:delayMicros	8	static
OT.h:219:6:sendBit	8	static
OT.h:225:6:sendFrame	16	static
OT.h:242:6:waitForResponse	16	static
OT.h:253:10:readResponse	24	static
OT.h:234:10:sendRequest	8	static
OT.h:278:10:checkParity	0	static
DS18B20.h:54:6:OWInit	0	static
DS18B20.h:64:6:OWTick200	0	static
DS18B20.h:79:6:OWReset	24	static
DS18B20.h:119:6:OWTransmit	8	static
DS18B20.h:127:6:OWReceive	24	static
DS18B20.h:70:6:OWRoute	0	static
RPi.h:60:6:RPiRXRoute	24	static
main.c:173:6:HAL_TIM_PeriodElapsedCallback	0	static
main.c:183:6:HAL_UART_RxCpltCallback	32	static
main.c:215:5:strpos	24	dynamic
main.c:225:6:HAL_SYSTICK_Callback	8	static
main.c:571:6:SystemClock_Config	88	static
main.c:892:6:initADC	0	static
main.c:907:6:StartAnalogADC1	8	static
main.c:915:5:GetAnalogADC1	0	static
main.c:919:5:ReadAnalogADC1	8	static
main.c:313:5:main	80	static
main.c:941:6:_Error_Handler	0	static
