main.c:207:6:HAL_TIM_PeriodElapsedCallback	0	static
main.c:215:6:HAL_UART_RxCpltCallback	8	static
main.c:227:6:HAL_SYSTICK_Callback	0	static
main.c:371:6:SystemClock_Config	88	static
main.c:691:6:initADC	0	static
main.c:706:6:StartAnalogADC1	8	static
main.c:714:5:GetAnalogADC1	0	static
main.c:718:5:ReadAnalogADC1	8	static
main.c:731:6:OWReset	24	static
main.c:772:6:OWTransmit	8	static
main.c:776:6:OWReceive	24	static
main.c:256:5:main	72	static
main.c:804:6:initOT	0	static
main.c:807:6:setIdleState	0	static
main.c:810:6:setActiveState	0	static
main.c:813:6:activateBoiler	8	static
main.c:817:6:sendBit	8	static
main.c:823:6:sendFrame	8	static
main.c:832:10:sendRequest	8	static
main.c:839:6:waitForResponse	24	static
main.c:850:10:readResponse	8	static
main.c:869:6:delayMicros	0	static
main.c:892:6:_Error_Handler	0	static
