main.c:270:6:HAL_TIM_PeriodElapsedCallback	0	static
main.c:280:6:HAL_UART_RxCpltCallback	8	static
main.c:292:6:HAL_SYSTICK_Callback	0	static
main.c:321:5:main	72	static
main.c:460:6:SystemClock_Config	88	static
main.c:780:6:initADC	0	static
main.c:795:6:StartAnalogADC1	8	static
main.c:803:5:GetAnalogADC1	0	static
main.c:807:5:ReadAnalogADC1	8	static
main.c:820:6:OWReset	24	static
main.c:861:6:OWTransmit	8	static
main.c:865:6:OWReceive	24	static
main.c:893:6:initOT	0	static
main.c:896:6:setIdleState	0	static
main.c:899:6:setActiveState	0	static
main.c:902:6:activateBoiler	8	static
main.c:906:6:sendBit	8	static
main.c:912:6:sendFrame	16	static
main.c:921:10:sendRequest	8	static
main.c:928:6:waitForResponse	16	static
main.c:939:10:readResponse	16	static
main.c:962:6:delayMicros	24	static
main.c:1007:6:_Error_Handler	0	static
