OT.h:115:6:initOT	0	static
OT.h:118:6:setIdleState	0	static
OT.h:121:6:setActiveState	0	static
OT.h:124:6:activateBoiler	8	static
OT.h:178:6:delayMicros	8	static
OT.h:128:6:sendBit	8	static
OT.h:134:6:sendFrame	16	static
OT.h:151:6:waitForResponse	16	static
OT.h:162:10:readResponse	24	static
OT.h:143:10:sendRequest	8	static
OT.h:187:10:checkParity	0	static
DS18B20.h:51:6:OWReset	24	static
DS18B20.h:92:6:OWTransmit	8	static
DS18B20.h:96:6:OWReceive	24	static
main.c:165:6:HAL_TIM_PeriodElapsedCallback	0	static
main.c:175:6:HAL_UART_RxCpltCallback	8	static
main.c:187:6:HAL_SYSTICK_Callback	16	static
main.c:386:6:SystemClock_Config	88	static
main.c:706:6:initADC	0	static
main.c:721:6:StartAnalogADC1	8	static
main.c:729:5:GetAnalogADC1	0	static
main.c:733:5:ReadAnalogADC1	8	static
main.c:225:5:main	80	static
main.c:755:6:_Error_Handler	0	static
