OT.h:115:6:initOT	0	static
OT.h:118:6:setIdleState	0	static
OT.h:121:6:setActiveState	0	static
OT.h:124:6:activateBoiler	8	static
OT.h:178:6:delayMicros	8	static
OT.h:128:6:sendBit	8	static
OT.h:134:6:sendFrame	16	static
OT.h:151:6:waitForResponse	16	static
OT.h:162:10:readResponse	24	static
OT.h:143:10:sendRequest	8	static
OT.h:187:10:checkParity	0	static
DS18B20.h:51:6:OWReset	24	static
DS18B20.h:92:6:OWTransmit	8	static
DS18B20.h:96:6:OWReceive	24	static
main.c:176:6:HAL_TIM_PeriodElapsedCallback	0	static
main.c:186:6:HAL_UART_RxCpltCallback	24	static
main.c:209:6:HAL_SYSTICK_Callback	0	static
main.c:420:6:SystemClock_Config	88	static
main.c:740:6:initADC	0	static
main.c:755:6:StartAnalogADC1	8	static
main.c:763:5:GetAnalogADC1	0	static
main.c:767:5:ReadAnalogADC1	8	static
main.c:239:5:main	80	static
main.c:789:6:_Error_Handler	0	static
