OT.h:206:6:initOT	0	static
OT.h:209:6:setIdleState	0	static
OT.h:212:6:setActiveState	0	static
OT.h:215:6:activateBoiler	8	static
OT.h:269:6:delayMicros	8	static
OT.h:219:6:sendBit	8	static
OT.h:225:6:sendFrame	16	static
OT.h:242:6:waitForResponse	16	static
OT.h:253:10:readResponse	24	static
OT.h:234:10:sendRequest	8	static
OT.h:278:10:checkParity	0	static
DS18B20.h:54:6:OWInit	0	static
DS18B20.h:64:6:OWTick200	0	static
DS18B20.h:79:6:OWReset	24	static
DS18B20.h:119:6:OWTransmit	8	static
DS18B20.h:127:6:OWReceive	24	static
DS18B20.h:70:6:OWRoute	0	static
RPi.h:62:6:RPiInit	8	static
RPi.h:67:6:RPiRoute	8	static
RPi.h:74:6:RPiRXRoute	24	static
sim800l.h:63:1:strpos	24	dynamic
sim800l.h:74:1:initAT	8	static
sim800l.h:103:1:sendQueue	8	static
sim800l.h:114:1:checkAT	24	static
sim800l.h:164:1:checkUpdate	24	static
sim800l.h:183:1:checkReceive	0	static
main.c:156:6:HAL_TIM_PeriodElapsedCallback	0	static
main.c:164:6:HAL_UART_RxCpltCallback	8	static
main.c:172:6:HAL_SYSTICK_Callback	8	static
main.c:500:6:SystemClock_Config	88	static
main.c:821:6:initADC	0	static
main.c:836:6:StartAnalogADC1	8	static
main.c:844:5:GetAnalogADC1	0	static
main.c:848:5:ReadAnalogADC1	8	static
main.c:241:5:main	72	static
main.c:870:6:_Error_Handler	0	static
