main.c:276:6:HAL_TIM_PeriodElapsedCallback	0	static
main.c:286:6:HAL_UART_RxCpltCallback	8	static
main.c:298:6:HAL_SYSTICK_Callback	0	static
main.c:327:5:main	72	static
main.c:468:6:SystemClock_Config	88	static
main.c:788:6:initADC	0	static
main.c:803:6:StartAnalogADC1	8	static
main.c:811:5:GetAnalogADC1	0	static
main.c:815:5:ReadAnalogADC1	8	static
main.c:828:6:OWReset	24	static
main.c:869:6:OWTransmit	8	static
main.c:873:6:OWReceive	24	static
main.c:901:6:initOT	0	static
main.c:904:6:setIdleState	0	static
main.c:907:6:setActiveState	0	static
main.c:910:6:activateBoiler	8	static
main.c:914:6:sendBit	8	static
main.c:920:6:sendFrame	16	static
main.c:929:10:sendRequest	8	static
main.c:936:6:waitForResponse	16	static
main.c:947:10:readResponse	16	static
main.c:978:6:delayMicros	16	static
main.c:1019:6:checkParity	0	static
main.c:1036:6:_Error_Handler	0	static
