stm32f1xx_it.c:59:6:NMI_Handler	0	static
stm32f1xx_it.c:72:6:HardFault_Handler	0	static
stm32f1xx_it.c:104:6:MemManage_Handler	0	static
stm32f1xx_it.c:122:6:BusFault_Handler	0	static
stm32f1xx_it.c:140:6:UsageFault_Handler	0	static
stm32f1xx_it.c:158:6:SVC_Handler	0	static
stm32f1xx_it.c:171:6:DebugMon_Handler	0	static
stm32f1xx_it.c:184:6:PendSV_Handler	0	static
stm32f1xx_it.c:197:6:SysTick_Handler	8	static
stm32f1xx_it.c:219:6:DMA1_Channel2_IRQHandler	0	static
stm32f1xx_it.c:233:6:DMA1_Channel3_IRQHandler	0	static
stm32f1xx_it.c:247:6:DMA1_Channel4_IRQHandler	0	static
stm32f1xx_it.c:261:6:DMA1_Channel5_IRQHandler	0	static
stm32f1xx_it.c:275:6:TIM2_IRQHandler	0	static
stm32f1xx_it.c:289:6:SPI1_IRQHandler	0	static
stm32f1xx_it.c:303:6:SPI2_IRQHandler	0	static
stm32f1xx_it.c:317:6:USART1_IRQHandler	0	static
stm32f1xx_it.c:331:6:USART3_IRQHandler	0	static
