stm32f1xx_it.c:58:6:NMI_Handler	0	static
stm32f1xx_it.c:71:6:HardFault_Handler	0	static
stm32f1xx_it.c:89:6:MemManage_Handler	0	static
stm32f1xx_it.c:107:6:BusFault_Handler	0	static
stm32f1xx_it.c:125:6:UsageFault_Handler	0	static
stm32f1xx_it.c:143:6:SVC_Handler	0	static
stm32f1xx_it.c:156:6:DebugMon_Handler	0	static
stm32f1xx_it.c:169:6:PendSV_Handler	0	static
stm32f1xx_it.c:182:6:SysTick_Handler	8	static
stm32f1xx_it.c:204:6:DMA1_Channel2_IRQHandler	0	static
stm32f1xx_it.c:218:6:DMA1_Channel4_IRQHandler	0	static
stm32f1xx_it.c:232:6:DMA1_Channel5_IRQHandler	0	static
stm32f1xx_it.c:246:6:TIM2_IRQHandler	0	static
stm32f1xx_it.c:260:6:SPI1_IRQHandler	0	static
stm32f1xx_it.c:274:6:SPI2_IRQHandler	0	static
stm32f1xx_it.c:288:6:USART1_IRQHandler	0	static
stm32f1xx_it.c:302:6:USART3_IRQHandler	0	static
