stm32f1xx_hal_msp.c:49:6:HAL_MspInit	16	static
stm32f1xx_hal_msp.c:84:6:HAL_ADC_MspInit	32	static
stm32f1xx_hal_msp.c:133:6:HAL_ADC_MspDeInit	8	static
stm32f1xx_hal_msp.c:175:6:HAL_CAN_MspInit	32	static
stm32f1xx_hal_msp.c:210:6:HAL_CAN_MspDeInit	0	static
stm32f1xx_hal_msp.c:234:6:HAL_I2C_MspInit	32	static
stm32f1xx_hal_msp.c:262:6:HAL_I2C_MspDeInit	0	static
stm32f1xx_hal_msp.c:286:6:HAL_SPI_MspInit	32	static
stm32f1xx_hal_msp.c:356:6:HAL_SPI_MspDeInit	8	static
stm32f1xx_hal_msp.c:405:6:HAL_UART_MspInit	40	static
stm32f1xx_hal_msp.c:493:6:HAL_UART_MspDeInit	8	static
