stm32f1xx_hal_msp.c:57:6:HAL_MspInit	16	static
stm32f1xx_hal_msp.c:92:6:HAL_ADC_MspInit	32	static
stm32f1xx_hal_msp.c:141:6:HAL_ADC_MspDeInit	8	static
stm32f1xx_hal_msp.c:183:6:HAL_CAN_MspInit	32	static
stm32f1xx_hal_msp.c:218:6:HAL_CAN_MspDeInit	0	static
stm32f1xx_hal_msp.c:242:6:HAL_I2C_MspInit	32	static
stm32f1xx_hal_msp.c:270:6:HAL_I2C_MspDeInit	0	static
stm32f1xx_hal_msp.c:294:6:HAL_SPI_MspInit	32	static
stm32f1xx_hal_msp.c:364:6:HAL_SPI_MspDeInit	8	static
stm32f1xx_hal_msp.c:413:6:HAL_TIM_Base_MspInit	32	static
stm32f1xx_hal_msp.c:456:6:HAL_TIM_Base_MspDeInit	8	static
stm32f1xx_hal_msp.c:492:6:HAL_UART_MspInit	48	static
stm32f1xx_hal_msp.c:649:6:HAL_UART_MspDeInit	8	static
